<?xml version="1.0"?>
<link_info>
   <banner>MSP430 Linker PC v16.9.4.LTS</banner>
   <copyright>Copyright (c) 2003-2017 Texas Instruments Incorporated</copyright>
   <link_time>0x59c9c1d7</link_time>
   <link_errors>0x0</link_errors>
   <output_file>UNTITLED.out</output_file>
   <entry_point>
      <name>_c_int00_noargs_noexit</name>
      <address>0xf602</address>
   </entry_point>
   <input_file_list>
      <input_file id="fl-2">
         <path>.\</path>
         <kind>object</kind>
         <file>main.obj</file>
         <name>main.obj</name>
      </input_file>
      <input_file id="fl-3">
         <path>.\A7139\</path>
         <kind>object</kind>
         <file>A7139.obj</file>
         <name>A7139.obj</name>
      </input_file>
      <input_file id="fl-4">
         <path>.\captivate\ADVANCED\</path>
         <kind>object</kind>
         <file>CAPT_Manager.obj</file>
         <name>CAPT_Manager.obj</name>
      </input_file>
      <input_file id="fl-5">
         <path>.\captivate\BASE\</path>
         <kind>object</kind>
         <file>CAPT_ISR.obj</file>
         <name>CAPT_ISR.obj</name>
      </input_file>
      <input_file id="fl-6">
         <path>.\captivate\COMM\</path>
         <kind>object</kind>
         <file>CAPT_Interface.obj</file>
         <name>CAPT_Interface.obj</name>
      </input_file>
      <input_file id="fl-7">
         <path>.\captivate\COMM\</path>
         <kind>object</kind>
         <file>FunctionTimer.obj</file>
         <name>FunctionTimer.obj</name>
      </input_file>
      <input_file id="fl-8">
         <path>.\captivate\COMM\</path>
         <kind>object</kind>
         <file>I2CSlave.obj</file>
         <name>I2CSlave.obj</name>
      </input_file>
      <input_file id="fl-9">
         <path>.\captivate\COMM\</path>
         <kind>object</kind>
         <file>UART.obj</file>
         <name>UART.obj</name>
      </input_file>
      <input_file id="fl-a">
         <path>.\captivate_app\</path>
         <kind>object</kind>
         <file>CAPT_App.obj</file>
         <name>CAPT_App.obj</name>
      </input_file>
      <input_file id="fl-b">
         <path>.\captivate_app\</path>
         <kind>object</kind>
         <file>CAPT_BSP.obj</file>
         <name>CAPT_BSP.obj</name>
      </input_file>
      <input_file id="fl-c">
         <path>.\captivate_config\</path>
         <kind>object</kind>
         <file>CAPT_UserConfig.obj</file>
         <name>CAPT_UserConfig.obj</name>
      </input_file>
      <input_file id="fl-1e">
         <kind>object</kind>
         <file>&lt;internal&gt;</file>
         <name>&lt;internal&gt;</name>
      </input_file>
      <input_file id="fl-1f">
         <path>..\captivate\BASE\libraries\</path>
         <kind>archive</kind>
         <file>captivate_fr2633_family.lib</file>
         <name>CAPT_HAL.o</name>
      </input_file>
      <input_file id="fl-20">
         <path>..\captivate\BASE\libraries\</path>
         <kind>archive</kind>
         <file>captivate_fr2633_family.lib</file>
         <name>CAPT_Protocol.o</name>
      </input_file>
      <input_file id="fl-21">
         <path>..\captivate\BASE\libraries\</path>
         <kind>archive</kind>
         <file>captivate_fr2633_family.lib</file>
         <name>CAPT_Touch.o</name>
      </input_file>
      <input_file id="fl-22">
         <path>..\captivate\BASE\libraries\</path>
         <kind>archive</kind>
         <file>captivate_fr2633_family.lib</file>
         <name>CAPT_ByteQueue.o</name>
      </input_file>
      <input_file id="fl-23">
         <path>..\captivate\BASE\libraries\</path>
         <kind>archive</kind>
         <file>captivate_fr2633_family.lib</file>
         <name>CAPT_EMC.o</name>
      </input_file>
      <input_file id="fl-27">
         <path>..\driverlib\MSP430FR2xx_4xx\libraries\</path>
         <kind>archive</kind>
         <file>driverlib_scsd.lib</file>
         <name>cs.o</name>
      </input_file>
      <input_file id="fl-4c">
         <path>D:\ti\ccsv7\tools\compiler\ti-cgt-msp430_16.9.4.LTS\lib\</path>
         <kind>archive</kind>
         <file>rts430x_sc_sd_eabi.lib</file>
         <name>abs.obj</name>
      </input_file>
      <input_file id="fl-4d">
         <path>D:\ti\ccsv7\tools\compiler\ti-cgt-msp430_16.9.4.LTS\lib\</path>
         <kind>archive</kind>
         <file>rts430x_sc_sd_eabi.lib</file>
         <name>boot.obj</name>
      </input_file>
      <input_file id="fl-4e">
         <path>D:\ti\ccsv7\tools\compiler\ti-cgt-msp430_16.9.4.LTS\lib\</path>
         <kind>archive</kind>
         <file>rts430x_sc_sd_eabi.lib</file>
         <name>boot_special.obj</name>
      </input_file>
      <input_file id="fl-4f">
         <path>D:\ti\ccsv7\tools\compiler\ti-cgt-msp430_16.9.4.LTS\lib\</path>
         <kind>archive</kind>
         <file>rts430x_sc_sd_eabi.lib</file>
         <name>copy_decompress_lzss.obj</name>
      </input_file>
      <input_file id="fl-50">
         <path>D:\ti\ccsv7\tools\compiler\ti-cgt-msp430_16.9.4.LTS\lib\</path>
         <kind>archive</kind>
         <file>rts430x_sc_sd_eabi.lib</file>
         <name>copy_decompress_none.obj</name>
      </input_file>
      <input_file id="fl-51">
         <path>D:\ti\ccsv7\tools\compiler\ti-cgt-msp430_16.9.4.LTS\lib\</path>
         <kind>archive</kind>
         <file>rts430x_sc_sd_eabi.lib</file>
         <name>copy_zero_init.obj</name>
      </input_file>
      <input_file id="fl-52">
         <path>D:\ti\ccsv7\tools\compiler\ti-cgt-msp430_16.9.4.LTS\lib\</path>
         <kind>archive</kind>
         <file>rts430x_sc_sd_eabi.lib</file>
         <name>div16s.obj</name>
      </input_file>
      <input_file id="fl-53">
         <path>D:\ti\ccsv7\tools\compiler\ti-cgt-msp430_16.9.4.LTS\lib\</path>
         <kind>archive</kind>
         <file>rts430x_sc_sd_eabi.lib</file>
         <name>div16u.obj</name>
      </input_file>
      <input_file id="fl-54">
         <path>D:\ti\ccsv7\tools\compiler\ti-cgt-msp430_16.9.4.LTS\lib\</path>
         <kind>archive</kind>
         <file>rts430x_sc_sd_eabi.lib</file>
         <name>div32s.obj</name>
      </input_file>
      <input_file id="fl-55">
         <path>D:\ti\ccsv7\tools\compiler\ti-cgt-msp430_16.9.4.LTS\lib\</path>
         <kind>archive</kind>
         <file>rts430x_sc_sd_eabi.lib</file>
         <name>div32u.obj</name>
      </input_file>
      <input_file id="fl-56">
         <path>D:\ti\ccsv7\tools\compiler\ti-cgt-msp430_16.9.4.LTS\lib\</path>
         <kind>archive</kind>
         <file>rts430x_sc_sd_eabi.lib</file>
         <name>exit.obj</name>
      </input_file>
      <input_file id="fl-57">
         <path>D:\ti\ccsv7\tools\compiler\ti-cgt-msp430_16.9.4.LTS\lib\</path>
         <kind>archive</kind>
         <file>rts430x_sc_sd_eabi.lib</file>
         <name>exit_gvars.obj</name>
      </input_file>
      <input_file id="fl-58">
         <path>D:\ti\ccsv7\tools\compiler\ti-cgt-msp430_16.9.4.LTS\lib\</path>
         <kind>archive</kind>
         <file>rts430x_sc_sd_eabi.lib</file>
         <name>fs_add.obj</name>
      </input_file>
      <input_file id="fl-59">
         <path>D:\ti\ccsv7\tools\compiler\ti-cgt-msp430_16.9.4.LTS\lib\</path>
         <kind>archive</kind>
         <file>rts430x_sc_sd_eabi.lib</file>
         <name>fs_cmp.obj</name>
      </input_file>
      <input_file id="fl-5a">
         <path>D:\ti\ccsv7\tools\compiler\ti-cgt-msp430_16.9.4.LTS\lib\</path>
         <kind>archive</kind>
         <file>rts430x_sc_sd_eabi.lib</file>
         <name>fs_div.obj</name>
      </input_file>
      <input_file id="fl-5b">
         <path>D:\ti\ccsv7\tools\compiler\ti-cgt-msp430_16.9.4.LTS\lib\</path>
         <kind>archive</kind>
         <file>rts430x_sc_sd_eabi.lib</file>
         <name>fs_itof.obj</name>
      </input_file>
      <input_file id="fl-5c">
         <path>D:\ti\ccsv7\tools\compiler\ti-cgt-msp430_16.9.4.LTS\lib\</path>
         <kind>archive</kind>
         <file>rts430x_sc_sd_eabi.lib</file>
         <name>fs_mpy.obj</name>
      </input_file>
      <input_file id="fl-5d">
         <path>D:\ti\ccsv7\tools\compiler\ti-cgt-msp430_16.9.4.LTS\lib\</path>
         <kind>archive</kind>
         <file>rts430x_sc_sd_eabi.lib</file>
         <name>fs_tou.obj</name>
      </input_file>
      <input_file id="fl-5e">
         <path>D:\ti\ccsv7\tools\compiler\ti-cgt-msp430_16.9.4.LTS\lib\</path>
         <kind>archive</kind>
         <file>rts430x_sc_sd_eabi.lib</file>
         <name>int41.obj</name>
      </input_file>
      <input_file id="fl-5f">
         <path>D:\ti\ccsv7\tools\compiler\ti-cgt-msp430_16.9.4.LTS\lib\</path>
         <kind>archive</kind>
         <file>rts430x_sc_sd_eabi.lib</file>
         <name>int42.obj</name>
      </input_file>
      <input_file id="fl-60">
         <path>D:\ti\ccsv7\tools\compiler\ti-cgt-msp430_16.9.4.LTS\lib\</path>
         <kind>archive</kind>
         <file>rts430x_sc_sd_eabi.lib</file>
         <name>int43.obj</name>
      </input_file>
      <input_file id="fl-61">
         <path>D:\ti\ccsv7\tools\compiler\ti-cgt-msp430_16.9.4.LTS\lib\</path>
         <kind>archive</kind>
         <file>rts430x_sc_sd_eabi.lib</file>
         <name>int44.obj</name>
      </input_file>
      <input_file id="fl-62">
         <path>D:\ti\ccsv7\tools\compiler\ti-cgt-msp430_16.9.4.LTS\lib\</path>
         <kind>archive</kind>
         <file>rts430x_sc_sd_eabi.lib</file>
         <name>int45.obj</name>
      </input_file>
      <input_file id="fl-63">
         <path>D:\ti\ccsv7\tools\compiler\ti-cgt-msp430_16.9.4.LTS\lib\</path>
         <kind>archive</kind>
         <file>rts430x_sc_sd_eabi.lib</file>
         <name>int47.obj</name>
      </input_file>
      <input_file id="fl-64">
         <path>D:\ti\ccsv7\tools\compiler\ti-cgt-msp430_16.9.4.LTS\lib\</path>
         <kind>archive</kind>
         <file>rts430x_sc_sd_eabi.lib</file>
         <name>int48.obj</name>
      </input_file>
      <input_file id="fl-65">
         <path>D:\ti\ccsv7\tools\compiler\ti-cgt-msp430_16.9.4.LTS\lib\</path>
         <kind>archive</kind>
         <file>rts430x_sc_sd_eabi.lib</file>
         <name>int49.obj</name>
      </input_file>
      <input_file id="fl-66">
         <path>D:\ti\ccsv7\tools\compiler\ti-cgt-msp430_16.9.4.LTS\lib\</path>
         <kind>archive</kind>
         <file>rts430x_sc_sd_eabi.lib</file>
         <name>int50.obj</name>
      </input_file>
      <input_file id="fl-67">
         <path>D:\ti\ccsv7\tools\compiler\ti-cgt-msp430_16.9.4.LTS\lib\</path>
         <kind>archive</kind>
         <file>rts430x_sc_sd_eabi.lib</file>
         <name>int51.obj</name>
      </input_file>
      <input_file id="fl-68">
         <path>D:\ti\ccsv7\tools\compiler\ti-cgt-msp430_16.9.4.LTS\lib\</path>
         <kind>archive</kind>
         <file>rts430x_sc_sd_eabi.lib</file>
         <name>int52.obj</name>
      </input_file>
      <input_file id="fl-69">
         <path>D:\ti\ccsv7\tools\compiler\ti-cgt-msp430_16.9.4.LTS\lib\</path>
         <kind>archive</kind>
         <file>rts430x_sc_sd_eabi.lib</file>
         <name>int53.obj</name>
      </input_file>
      <input_file id="fl-6a">
         <path>D:\ti\ccsv7\tools\compiler\ti-cgt-msp430_16.9.4.LTS\lib\</path>
         <kind>archive</kind>
         <file>rts430x_sc_sd_eabi.lib</file>
         <name>int54.obj</name>
      </input_file>
      <input_file id="fl-6b">
         <path>D:\ti\ccsv7\tools\compiler\ti-cgt-msp430_16.9.4.LTS\lib\</path>
         <kind>archive</kind>
         <file>rts430x_sc_sd_eabi.lib</file>
         <name>int55.obj</name>
      </input_file>
      <input_file id="fl-6c">
         <path>D:\ti\ccsv7\tools\compiler\ti-cgt-msp430_16.9.4.LTS\lib\</path>
         <kind>archive</kind>
         <file>rts430x_sc_sd_eabi.lib</file>
         <name>int56.obj</name>
      </input_file>
      <input_file id="fl-6d">
         <path>D:\ti\ccsv7\tools\compiler\ti-cgt-msp430_16.9.4.LTS\lib\</path>
         <kind>archive</kind>
         <file>rts430x_sc_sd_eabi.lib</file>
         <name>int57.obj</name>
      </input_file>
      <input_file id="fl-6e">
         <path>D:\ti\ccsv7\tools\compiler\ti-cgt-msp430_16.9.4.LTS\lib\</path>
         <kind>archive</kind>
         <file>rts430x_sc_sd_eabi.lib</file>
         <name>int58.obj</name>
      </input_file>
      <input_file id="fl-6f">
         <path>D:\ti\ccsv7\tools\compiler\ti-cgt-msp430_16.9.4.LTS\lib\</path>
         <kind>archive</kind>
         <file>rts430x_sc_sd_eabi.lib</file>
         <name>isr_trap.obj</name>
      </input_file>
      <input_file id="fl-70">
         <path>D:\ti\ccsv7\tools\compiler\ti-cgt-msp430_16.9.4.LTS\lib\</path>
         <kind>archive</kind>
         <file>rts430x_sc_sd_eabi.lib</file>
         <name>lsl16.obj</name>
      </input_file>
      <input_file id="fl-71">
         <path>D:\ti\ccsv7\tools\compiler\ti-cgt-msp430_16.9.4.LTS\lib\</path>
         <kind>archive</kind>
         <file>rts430x_sc_sd_eabi.lib</file>
         <name>lsl32.obj</name>
      </input_file>
      <input_file id="fl-72">
         <path>D:\ti\ccsv7\tools\compiler\ti-cgt-msp430_16.9.4.LTS\lib\</path>
         <kind>archive</kind>
         <file>rts430x_sc_sd_eabi.lib</file>
         <name>lsl64.obj</name>
      </input_file>
      <input_file id="fl-73">
         <path>D:\ti\ccsv7\tools\compiler\ti-cgt-msp430_16.9.4.LTS\lib\</path>
         <kind>archive</kind>
         <file>rts430x_sc_sd_eabi.lib</file>
         <name>lsr16.obj</name>
      </input_file>
      <input_file id="fl-74">
         <path>D:\ti\ccsv7\tools\compiler\ti-cgt-msp430_16.9.4.LTS\lib\</path>
         <kind>archive</kind>
         <file>rts430x_sc_sd_eabi.lib</file>
         <name>lsr32.obj</name>
      </input_file>
      <input_file id="fl-75">
         <path>D:\ti\ccsv7\tools\compiler\ti-cgt-msp430_16.9.4.LTS\lib\</path>
         <kind>archive</kind>
         <file>rts430x_sc_sd_eabi.lib</file>
         <name>lsr64.obj</name>
      </input_file>
      <input_file id="fl-76">
         <path>D:\ti\ccsv7\tools\compiler\ti-cgt-msp430_16.9.4.LTS\lib\</path>
         <kind>archive</kind>
         <file>rts430x_sc_sd_eabi.lib</file>
         <name>memcpy.obj</name>
      </input_file>
      <input_file id="fl-77">
         <path>D:\ti\ccsv7\tools\compiler\ti-cgt-msp430_16.9.4.LTS\lib\</path>
         <kind>archive</kind>
         <file>rts430x_sc_sd_eabi.lib</file>
         <name>memset.obj</name>
      </input_file>
      <input_file id="fl-78">
         <path>D:\ti\ccsv7\tools\compiler\ti-cgt-msp430_16.9.4.LTS\lib\</path>
         <kind>archive</kind>
         <file>rts430x_sc_sd_eabi.lib</file>
         <name>mpu_init.obj</name>
      </input_file>
      <input_file id="fl-79">
         <path>D:\ti\ccsv7\tools\compiler\ti-cgt-msp430_16.9.4.LTS\lib\</path>
         <kind>archive</kind>
         <file>rts430x_sc_sd_eabi.lib</file>
         <name>mult1632.obj</name>
      </input_file>
      <input_file id="fl-7a">
         <path>D:\ti\ccsv7\tools\compiler\ti-cgt-msp430_16.9.4.LTS\lib\</path>
         <kind>archive</kind>
         <file>rts430x_sc_sd_eabi.lib</file>
         <name>mult1632_f5hw.obj</name>
      </input_file>
      <input_file id="fl-7b">
         <path>D:\ti\ccsv7\tools\compiler\ti-cgt-msp430_16.9.4.LTS\lib\</path>
         <kind>archive</kind>
         <file>rts430x_sc_sd_eabi.lib</file>
         <name>mult16_f5hw.obj</name>
      </input_file>
      <input_file id="fl-7c">
         <path>D:\ti\ccsv7\tools\compiler\ti-cgt-msp430_16.9.4.LTS\lib\</path>
         <kind>archive</kind>
         <file>rts430x_sc_sd_eabi.lib</file>
         <name>mult32.obj</name>
      </input_file>
      <input_file id="fl-7d">
         <path>D:\ti\ccsv7\tools\compiler\ti-cgt-msp430_16.9.4.LTS\lib\</path>
         <kind>archive</kind>
         <file>rts430x_sc_sd_eabi.lib</file>
         <name>mult3264_f5hw.obj</name>
      </input_file>
      <input_file id="fl-7e">
         <path>D:\ti\ccsv7\tools\compiler\ti-cgt-msp430_16.9.4.LTS\lib\</path>
         <kind>archive</kind>
         <file>rts430x_sc_sd_eabi.lib</file>
         <name>mult32_f5hw.obj</name>
      </input_file>
      <input_file id="fl-7f">
         <path>D:\ti\ccsv7\tools\compiler\ti-cgt-msp430_16.9.4.LTS\lib\</path>
         <kind>archive</kind>
         <file>rts430x_sc_sd_eabi.lib</file>
         <name>mult64.obj</name>
      </input_file>
      <input_file id="fl-80">
         <path>D:\ti\ccsv7\tools\compiler\ti-cgt-msp430_16.9.4.LTS\lib\</path>
         <kind>archive</kind>
         <file>rts430x_sc_sd_eabi.lib</file>
         <name>mult64_f5hw.obj</name>
      </input_file>
      <input_file id="fl-81">
         <path>D:\ti\ccsv7\tools\compiler\ti-cgt-msp430_16.9.4.LTS\lib\</path>
         <kind>archive</kind>
         <file>rts430x_sc_sd_eabi.lib</file>
         <name>strlen.obj</name>
      </input_file>
      <input_file id="fl-82">
         <path>D:\ti\ccsv7\tools\compiler\ti-cgt-msp430_16.9.4.LTS\lib\</path>
         <kind>archive</kind>
         <file>rts430x_sc_sd_eabi.lib</file>
         <name>_lock.obj</name>
      </input_file>
      <input_file id="fl-83">
         <path>D:\ti\ccsv7\tools\compiler\ti-cgt-msp430_16.9.4.LTS\lib\</path>
         <kind>archive</kind>
         <file>rts430x_sc_sd_eabi.lib</file>
         <name>args_main.obj</name>
      </input_file>
      <input_file id="fl-84">
         <path>D:\ti\ccsv7\tools\compiler\ti-cgt-msp430_16.9.4.LTS\lib\</path>
         <kind>archive</kind>
         <file>rts430x_sc_sd_eabi.lib</file>
         <name>autoinit_wdt.obj</name>
      </input_file>
      <input_file id="fl-85">
         <path>D:\ti\ccsv7\tools\compiler\ti-cgt-msp430_16.9.4.LTS\lib\</path>
         <kind>archive</kind>
         <file>rts430x_sc_sd_eabi.lib</file>
         <name>cpy_tbl.obj</name>
      </input_file>
      <input_file id="fl-86">
         <path>D:\ti\ccsv7\tools\compiler\ti-cgt-msp430_16.9.4.LTS\lib\</path>
         <kind>archive</kind>
         <file>rts430x_sc_sd_eabi.lib</file>
         <name>mult16.obj</name>
      </input_file>
      <input_file id="fl-87">
         <path>D:\ti\ccsv7\tools\compiler\ti-cgt-msp430_16.9.4.LTS\lib\</path>
         <kind>archive</kind>
         <file>rts430x_sc_sd_eabi.lib</file>
         <name>startup.obj</name>
      </input_file>
   </input_file_list>
   <object_component_list>
      <object_component id="oc-560">
         <name>.cinit..data.load</name>
         <load_address>0xe000</load_address>
         <run_address>0xe000</run_address>
         <size>0x6d</size>
      </object_component>
      <object_component id="oc-55d">
         <name>__TI_handler_table</name>
         <load_address>0xe06e</load_address>
         <run_address>0xe06e</run_address>
         <size>0x6</size>
      </object_component>
      <object_component id="oc-55f">
         <name>.cinit..bss.load</name>
         <load_address>0xe074</load_address>
         <run_address>0xe074</run_address>
         <size>0x4</size>
      </object_component>
      <object_component id="oc-55e">
         <name>__TI_cinit_table</name>
         <load_address>0xe078</load_address>
         <run_address>0xe078</run_address>
         <size>0x8</size>
      </object_component>
      <object_component id="oc-4fd">
         <name>.binit</name>
         <load_address>0xe080</load_address>
         <run_address>0xe080</run_address>
         <size>0x0</size>
      </object_component>
      <object_component id="oc-47f">
         <name>.const:g_UARTPort</name>
         <load_address>0xe080</load_address>
         <run_address>0xe080</run_address>
         <size>0x14</size>
         <input_file_ref idref="fl-6"/>
      </object_component>
      <object_component id="oc-3c8">
         <name>.const:$P$T0$1</name>
         <load_address>0xe094</load_address>
         <run_address>0xe094</run_address>
         <size>0x6</size>
         <input_file_ref idref="fl-b"/>
      </object_component>
      <object_component id="oc-48b">
         <name>.text:CAPT_calibrateGain</name>
         <load_address>0xe09a</load_address>
         <run_address>0xe09a</run_address>
         <size>0x1c8</size>
         <input_file_ref idref="fl-21"/>
      </object_component>
      <object_component id="oc-48c">
         <name>.text:CAPT_calibrateOffset</name>
         <load_address>0xe262</load_address>
         <run_address>0xe262</run_address>
         <size>0x19e</size>
         <input_file_ref idref="fl-21"/>
      </object_component>
      <object_component id="oc-419">
         <name>.text:privateCSComputeDCOFTrim</name>
         <load_address>0xe400</load_address>
         <run_address>0xe400</run_address>
         <size>0x158</size>
         <input_file_ref idref="fl-27"/>
      </object_component>
      <object_component id="oc-446">
         <name>.text:CAPT_accessControllerParameter</name>
         <load_address>0xe558</load_address>
         <run_address>0xe558</run_address>
         <size>0x156</size>
         <input_file_ref idref="fl-6"/>
      </object_component>
      <object_component id="oc-44f">
         <name>.text:CAPT_accessSpecialSensorParameter</name>
         <load_address>0xe6ae</load_address>
         <run_address>0xe6ae</run_address>
         <size>0x10c</size>
         <input_file_ref idref="fl-20"/>
      </object_component>
      <object_component id="oc-42b">
         <name>.text:CAPT_updateSensor</name>
         <load_address>0xe7ba</load_address>
         <run_address>0xe7ba</run_address>
         <size>0x108</size>
         <input_file_ref idref="fl-21"/>
      </object_component>
      <object_component id="oc-3ce">
         <name>.text:CS_initFLLCalculateTrim</name>
         <load_address>0xe8c2</load_address>
         <run_address>0xe8c2</run_address>
         <size>0xf8</size>
         <input_file_ref idref="fl-27"/>
      </object_component>
      <object_component id="oc-2fe">
         <name>.text:main</name>
         <load_address>0xe9ba</load_address>
         <run_address>0xe9ba</run_address>
         <size>0xbc</size>
         <input_file_ref idref="fl-2"/>
      </object_component>
      <object_component id="oc-2d1">
         <name>.text:UART_ISR</name>
         <load_address>0xea76</load_address>
         <run_address>0xea76</run_address>
         <size>0xb6</size>
         <input_file_ref idref="fl-9"/>
      </object_component>
      <object_component id="oc-368">
         <name>.text:BSP_configureMCU</name>
         <load_address>0xeb2c</load_address>
         <run_address>0xeb2c</run_address>
         <size>0xb4</size>
         <input_file_ref idref="fl-b"/>
      </object_component>
      <object_component id="oc-3cd">
         <name>.text:CS_initClockSignal</name>
         <load_address>0xebe0</load_address>
         <run_address>0xebe0</run_address>
         <size>0xb4</size>
         <input_file_ref idref="fl-27"/>
      </object_component>
      <object_component id="oc-3f3">
         <name>.text:CAPT_checkForInboundPacket</name>
         <load_address>0xec94</load_address>
         <run_address>0xec94</run_address>
         <size>0xb0</size>
         <input_file_ref idref="fl-6"/>
      </object_component>
      <object_component id="oc-2e4">
         <name>.text:_auto_init_hold_wdt</name>
         <load_address>0xed44</load_address>
         <run_address>0xed44</run_address>
         <size>0x7e</size>
         <input_file_ref idref="fl-84"/>
      </object_component>
      <object_component id="oc-42f">
         <name>.text:CAPT_writeElementData</name>
         <load_address>0xedc2</load_address>
         <run_address>0xedc2</run_address>
         <size>0x78</size>
         <input_file_ref idref="fl-6"/>
      </object_component>
      <object_component id="oc-42e">
         <name>.text:CAPT_testForRecalibration</name>
         <load_address>0xee3a</load_address>
         <run_address>0xee3a</run_address>
         <size>0x70</size>
         <input_file_ref idref="fl-21"/>
      </object_component>
      <object_component id="oc-69">
         <name>.text:decompress:lzss:__TI_decompress_lzss</name>
         <load_address>0xeeaa</load_address>
         <run_address>0xeeaa</run_address>
         <size>0x6e</size>
         <input_file_ref idref="fl-4f"/>
      </object_component>
      <object_component id="oc-3e6">
         <name>.text:CAPT_updateUI</name>
         <load_address>0xef18</load_address>
         <run_address>0xef18</run_address>
         <size>0x64</size>
         <input_file_ref idref="fl-4"/>
      </object_component>
      <object_component id="oc-482">
         <name>.text:UART_openPort</name>
         <load_address>0xef7c</load_address>
         <run_address>0xef7c</run_address>
         <size>0x62</size>
         <input_file_ref idref="fl-9"/>
      </object_component>
      <object_component id="oc-48d">
         <name>.text:CAPT_processFSMCycle</name>
         <load_address>0xefde</load_address>
         <run_address>0xefde</run_address>
         <size>0x5c</size>
         <input_file_ref idref="fl-21"/>
      </object_component>
      <object_component id="oc-341">
         <name>.text:copy_in</name>
         <load_address>0xf03a</load_address>
         <run_address>0xf03a</run_address>
         <size>0x58</size>
         <input_file_ref idref="fl-85"/>
      </object_component>
      <object_component id="oc-48e">
         <name>.text:CAPT_processSensor</name>
         <load_address>0xf092</load_address>
         <run_address>0xf092</run_address>
         <size>0x56</size>
         <input_file_ref idref="fl-21"/>
      </object_component>
      <object_component id="oc-4cd">
         <name>.text:CAPT_updateSensorNoise</name>
         <load_address>0xf0e8</load_address>
         <run_address>0xf0e8</run_address>
         <size>0x56</size>
         <input_file_ref idref="fl-21"/>
      </object_component>
      <object_component id="oc-435">
         <name>.text:CAPT_writeSensorData</name>
         <load_address>0xf13e</load_address>
         <run_address>0xf13e</run_address>
         <size>0x52</size>
         <input_file_ref idref="fl-6"/>
      </object_component>
      <object_component id="oc-4d0">
         <name>.text:CAPT_preProcessSlider</name>
         <load_address>0xf190</load_address>
         <run_address>0xf190</run_address>
         <size>0x4e</size>
         <input_file_ref idref="fl-21"/>
      </object_component>
      <object_component id="oc-421">
         <name>.text:CAPT_initCommInterface</name>
         <load_address>0xf1de</load_address>
         <run_address>0xf1de</run_address>
         <size>0x4a</size>
         <input_file_ref idref="fl-6"/>
      </object_component>
      <object_component id="oc-4e0">
         <name>.text:CAPT_flagAllElementsForReseed</name>
         <load_address>0xf228</load_address>
         <run_address>0xf228</run_address>
         <size>0x48</size>
         <input_file_ref idref="fl-21"/>
      </object_component>
      <object_component id="oc-491">
         <name>.text:CAPT_loadCycle</name>
         <load_address>0xf270</load_address>
         <run_address>0xf270</run_address>
         <size>0x48</size>
         <input_file_ref idref="fl-21"/>
      </object_component>
      <object_component id="oc-3d9">
         <name>.text:CAPT_initUI</name>
         <load_address>0xf2b8</load_address>
         <run_address>0xf2b8</run_address>
         <size>0x42</size>
         <input_file_ref idref="fl-4"/>
      </object_component>
      <object_component id="oc-454">
         <name>.text:UART_transmitBuffer</name>
         <load_address>0xf2fa</load_address>
         <run_address>0xf2fa</run_address>
         <size>0x42</size>
         <input_file_ref idref="fl-9"/>
      </object_component>
      <object_component id="oc-2c6">
         <name>.text:CAPT_ISR</name>
         <load_address>0xf33c</load_address>
         <run_address>0xf33c</run_address>
         <size>0x40</size>
         <input_file_ref idref="fl-5"/>
      </object_component>
      <object_component id="oc-374">
         <name>.text:CAPT_appHandler</name>
         <load_address>0xf37c</load_address>
         <run_address>0xf37c</run_address>
         <size>0x3e</size>
         <input_file_ref idref="fl-a"/>
      </object_component>
      <object_component id="oc-490">
         <name>.text:CAPT_unloadCycle</name>
         <load_address>0xf3ba</load_address>
         <run_address>0xf3ba</run_address>
         <size>0x3e</size>
         <input_file_ref idref="fl-21"/>
      </object_component>
      <object_component id="oc-3cc">
         <name>.text:CS_turnOnXT1LFWithTimeout</name>
         <load_address>0xf3f8</load_address>
         <run_address>0xf3f8</run_address>
         <size>0x3e</size>
         <input_file_ref idref="fl-27"/>
      </object_component>
      <object_component id="oc-36e">
         <name>.text:CAPT_appStart</name>
         <load_address>0xf436</load_address>
         <run_address>0xf436</run_address>
         <size>0x3a</size>
         <input_file_ref idref="fl-a"/>
      </object_component>
      <object_component id="oc-4ce">
         <name>.text:CAPT_updateSensorTimeout</name>
         <load_address>0xf470</load_address>
         <run_address>0xf470</run_address>
         <size>0x36</size>
         <input_file_ref idref="fl-21"/>
      </object_component>
      <object_component id="oc-37a">
         <name>.text:CAPT_appSleep</name>
         <load_address>0xf4a6</load_address>
         <run_address>0xf4a6</run_address>
         <size>0x32</size>
         <input_file_ref idref="fl-a"/>
      </object_component>
      <object_component id="oc-4cc">
         <name>.text:CAPT_startConversionAndWaitUntilDone</name>
         <load_address>0xf4d8</load_address>
         <run_address>0xf4d8</run_address>
         <size>0x2e</size>
         <input_file_ref idref="fl-21"/>
      </object_component>
      <object_component id="oc-48f">
         <name>.text:CAPT_blockOnFlag</name>
         <load_address>0xf506</load_address>
         <run_address>0xf506</run_address>
         <size>0x26</size>
         <input_file_ref idref="fl-21"/>
      </object_component>
      <object_component id="oc-3ec">
         <name>.text:CAPT_getGlobalUIProximityStatus</name>
         <load_address>0xf52c</load_address>
         <run_address>0xf52c</run_address>
         <size>0x24</size>
         <input_file_ref idref="fl-4"/>
      </object_component>
      <object_component id="oc-3df">
         <name>.text:CAPT_calibrateUI</name>
         <load_address>0xf550</load_address>
         <run_address>0xf550</run_address>
         <size>0x20</size>
         <input_file_ref idref="fl-4"/>
      </object_component>
      <object_component id="oc-42c">
         <name>.text:CAPT_testForMaxCountRecalibration</name>
         <load_address>0xf570</load_address>
         <run_address>0xf570</run_address>
         <size>0x20</size>
         <input_file_ref idref="fl-21"/>
      </object_component>
      <object_component id="oc-429">
         <name>.text:CAPT_calibrateSensor</name>
         <load_address>0xf590</load_address>
         <run_address>0xf590</run_address>
         <size>0x1e</size>
         <input_file_ref idref="fl-21"/>
      </object_component>
      <object_component id="oc-3cf">
         <name>.text:CS_clearAllOscFlagsWithTimeout</name>
         <load_address>0xf5ae</load_address>
         <run_address>0xf5ae</run_address>
         <size>0x1e</size>
         <input_file_ref idref="fl-27"/>
      </object_component>
      <object_component id="oc-450">
         <name>.text:CAPT_getChecksum</name>
         <load_address>0xf5cc</load_address>
         <run_address>0xf5cc</run_address>
         <size>0x1c</size>
         <input_file_ref idref="fl-20"/>
      </object_component>
      <object_component id="oc-41f">
         <name>.text:CAPT_init</name>
         <load_address>0xf5e8</load_address>
         <run_address>0xf5e8</run_address>
         <size>0x1a</size>
         <input_file_ref idref="fl-1f"/>
      </object_component>
      <object_component id="oc-a6">
         <name>.text:_c_int00_noargs_noexit</name>
         <load_address>0xf602</load_address>
         <run_address>0xf602</run_address>
         <size>0x1a</size>
         <input_file_ref idref="fl-4e"/>
      </object_component>
      <object_component id="oc-42d">
         <name>.text:CAPT_testForNegativeTouchRecalibration</name>
         <load_address>0xf61c</load_address>
         <run_address>0xf61c</run_address>
         <size>0x18</size>
         <input_file_ref idref="fl-21"/>
      </object_component>
      <object_component id="oc-88">
         <name>.text:decompress:ZI:__TI_zero_init</name>
         <load_address>0xf634</load_address>
         <run_address>0xf634</run_address>
         <size>0x14</size>
         <input_file_ref idref="fl-51"/>
      </object_component>
      <object_component id="oc-399">
         <name>.text</name>
         <load_address>0xf648</load_address>
         <run_address>0xf648</run_address>
         <size>0x14</size>
         <input_file_ref idref="fl-7b"/>
      </object_component>
      <object_component id="oc-3f9">
         <name>.text:CAPT_checkForRecalibrationRequest</name>
         <load_address>0xf65c</load_address>
         <run_address>0xf65c</run_address>
         <size>0x12</size>
         <input_file_ref idref="fl-6"/>
      </object_component>
      <object_component id="oc-6f">
         <name>.text:decompress:none:__TI_decompress_none</name>
         <load_address>0xf66e</load_address>
         <run_address>0xf66e</run_address>
         <size>0x12</size>
         <input_file_ref idref="fl-50"/>
      </object_component>
      <object_component id="oc-2b9">
         <name>.text:memcpy</name>
         <load_address>0xf680</load_address>
         <run_address>0xf680</run_address>
         <size>0x12</size>
         <input_file_ref idref="fl-76"/>
      </object_component>
      <object_component id="oc-4c3">
         <name>.text:CAPT_UARTReceiveHandler</name>
         <load_address>0xf692</load_address>
         <run_address>0xf692</run_address>
         <size>0xe</size>
         <input_file_ref idref="fl-6"/>
      </object_component>
      <object_component id="oc-420">
         <name>.text:CAPT_initSensor</name>
         <load_address>0xf6a0</load_address>
         <run_address>0xf6a0</run_address>
         <size>0xe</size>
         <input_file_ref idref="fl-21"/>
      </object_component>
      <object_component id="oc-3cb">
         <name>.text:CS_setExternalClockSource</name>
         <load_address>0xf6ae</load_address>
         <run_address>0xf6ae</run_address>
         <size>0xa</size>
         <input_file_ref idref="fl-27"/>
      </object_component>
      <object_component id="oc-2de">
         <name>.text:_system_pre_init</name>
         <load_address>0xf6b8</load_address>
         <run_address>0xf6b8</run_address>
         <size>0xa</size>
         <input_file_ref idref="fl-b"/>
      </object_component>
      <object_component id="oc-2cc">
         <name>.text:_isr:__TI_ISR_TRAP</name>
         <load_address>0xf6c2</load_address>
         <run_address>0xf6c2</run_address>
         <size>0x8</size>
         <input_file_ref idref="fl-6f"/>
      </object_component>
      <object_component id="oc-492">
         <name>.text:CAPT_clearIFG</name>
         <load_address>0xf6ca</load_address>
         <run_address>0xf6ca</run_address>
         <size>0x6</size>
         <input_file_ref idref="fl-1f"/>
      </object_component>
      <object_component id="oc-328">
         <name>.text:CAPT_getInterruptVector</name>
         <load_address>0xf6d0</load_address>
         <run_address>0xf6d0</run_address>
         <size>0x6</size>
         <input_file_ref idref="fl-1f"/>
      </object_component>
      <object_component id="oc-306">
         <name>.text:abort</name>
         <load_address>0xf6d6</load_address>
         <run_address>0xf6d6</run_address>
         <size>0x6</size>
         <input_file_ref idref="fl-56"/>
      </object_component>
      <object_component id="oc-347">
         <name>.text:_system_post_cinit</name>
         <load_address>0xf6dc</load_address>
         <run_address>0xf6dc</run_address>
         <size>0x2</size>
         <input_file_ref idref="fl-87"/>
      </object_component>
      <object_component id="oc-479">
         <name>.bss:g_ui8TransmitBuffer_ping</name>
         <uninitialized>true</uninitialized>
         <run_address>0x2100</run_address>
         <size>0x30</size>
         <input_file_ref idref="fl-6"/>
      </object_component>
      <object_component id="oc-47c">
         <name>.bss:g_ui8TransmitBuffer_pong</name>
         <uninitialized>true</uninitialized>
         <run_address>0x2130</run_address>
         <size>0x30</size>
         <input_file_ref idref="fl-6"/>
      </object_component>
      <object_component id="oc-476">
         <name>.bss:g_ui8QueueBuffer</name>
         <uninitialized>true</uninitialized>
         <run_address>0x2000</run_address>
         <size>0x100</size>
         <input_file_ref idref="fl-6"/>
      </object_component>
      <object_component id="oc-451">
         <name>.bss:g_PingPongBuffer</name>
         <uninitialized>true</uninitialized>
         <run_address>0x2178</run_address>
         <size>0x4</size>
         <input_file_ref idref="fl-6"/>
      </object_component>
      <object_component id="oc-43d">
         <name>.bss:g_ReceiveQueue</name>
         <uninitialized>true</uninitialized>
         <run_address>0x216c</run_address>
         <size>0x8</size>
         <input_file_ref idref="fl-6"/>
      </object_component>
      <object_component id="oc-443">
         <name>.bss:g_protocolProcessingVars</name>
         <uninitialized>true</uninitialized>
         <run_address>0x2184</run_address>
         <size>0x2</size>
         <input_file_ref idref="fl-6"/>
      </object_component>
      <object_component id="oc-440">
         <name>.bss:g_parameterPacket</name>
         <uninitialized>true</uninitialized>
         <run_address>0x2160</run_address>
         <size>0xc</size>
         <input_file_ref idref="fl-6"/>
      </object_component>
      <object_component id="oc-44c">
         <name>.bss</name>
         <uninitialized>true</uninitialized>
         <run_address>0x2174</run_address>
         <size>0x4</size>
         <input_file_ref idref="fl-6"/>
      </object_component>
      <object_component id="oc-32f">
         <name>.common:g_bEndOfConversionFlag</name>
         <uninitialized>true</uninitialized>
         <run_address>0x2194</run_address>
         <size>0x1</size>
      </object_component>
      <object_component id="oc-32e">
         <name>.common:g_bDetectionFlag</name>
         <uninitialized>true</uninitialized>
         <run_address>0x2193</run_address>
         <size>0x1</size>
      </object_component>
      <object_component id="oc-32d">
         <name>.common:g_bConvTimerFlag</name>
         <uninitialized>true</uninitialized>
         <run_address>0x2192</run_address>
         <size>0x1</size>
      </object_component>
      <object_component id="oc-32c">
         <name>.common:g_bConvCounterFlag</name>
         <uninitialized>true</uninitialized>
         <run_address>0x2191</run_address>
         <size>0x1</size>
      </object_component>
      <object_component id="oc-329">
         <name>.common:g_bMaxCountErrorFlag</name>
         <uninitialized>true</uninitialized>
         <run_address>0x2195</run_address>
         <size>0x1</size>
      </object_component>
      <object_component id="oc-337">
         <name>.common:g_pUARTPort</name>
         <uninitialized>true</uninitialized>
         <run_address>0x218a</run_address>
         <size>0x2</size>
      </object_component>
      <object_component id="oc-332">
         <name>.common:g_pUARTTransmitPtr</name>
         <uninitialized>true</uninitialized>
         <run_address>0x218c</run_address>
         <size>0x2</size>
      </object_component>
      <object_component id="oc-335">
         <name>.common:g_ui16UARTTransmitBytesLeft</name>
         <uninitialized>true</uninitialized>
         <run_address>0x218e</run_address>
         <size>0x2</size>
      </object_component>
      <object_component id="oc-336">
         <name>.common:g_UARTStatus</name>
         <uninitialized>true</uninitialized>
         <run_address>0x2190</run_address>
         <size>0x1</size>
      </object_component>
      <object_component id="oc-4f6">
         <name>.common:PRX00_E00_RawCnts</name>
         <uninitialized>true</uninitialized>
         <run_address>0x2186</run_address>
         <size>0x2</size>
      </object_component>
      <object_component id="oc-4f5">
         <name>.common:PRX00_E00_Tuning</name>
         <uninitialized>true</uninitialized>
         <run_address>0x217c</run_address>
         <size>0x4</size>
      </object_component>
      <object_component id="oc-4fa">
         <name>.common:PRX01_E00_RawCnts</name>
         <uninitialized>true</uninitialized>
         <run_address>0x2188</run_address>
         <size>0x2</size>
      </object_component>
      <object_component id="oc-4f9">
         <name>.common:PRX01_E00_Tuning</name>
         <uninitialized>true</uninitialized>
         <run_address>0x2180</run_address>
         <size>0x4</size>
      </object_component>
      <object_component id="oc-3f2">
         <name>.data</name>
         <load_address>0x222c</load_address>
         <run_address>0x222c</run_address>
         <size>0x2</size>
         <input_file_ref idref="fl-a"/>
      </object_component>
      <object_component id="oc-4eb">
         <name>.data:PRX00_E00</name>
         <load_address>0x21d2</load_address>
         <run_address>0x21d2</run_address>
         <size>0x18</size>
         <input_file_ref idref="fl-c"/>
      </object_component>
      <object_component id="oc-4f0">
         <name>.data:PRX01_E00</name>
         <load_address>0x21ea</load_address>
         <run_address>0x21ea</run_address>
         <size>0x18</size>
         <input_file_ref idref="fl-c"/>
      </object_component>
      <object_component id="oc-4e1">
         <name>.data:PRX00_C00_Elements</name>
         <load_address>0x222e</load_address>
         <run_address>0x222e</run_address>
         <size>0x2</size>
         <input_file_ref idref="fl-c"/>
      </object_component>
      <object_component id="oc-4d1">
         <name>.data:PRX00_C00</name>
         <load_address>0x2210</load_address>
         <run_address>0x2210</run_address>
         <size>0x4</size>
         <input_file_ref idref="fl-c"/>
      </object_component>
      <object_component id="oc-4e6">
         <name>.data:PRX01_C00_Elements</name>
         <load_address>0x2232</load_address>
         <run_address>0x2232</run_address>
         <size>0x2</size>
         <input_file_ref idref="fl-c"/>
      </object_component>
      <object_component id="oc-4d8">
         <name>.data:PRX01_C00</name>
         <load_address>0x2218</load_address>
         <run_address>0x2218</run_address>
         <size>0x4</size>
         <input_file_ref idref="fl-c"/>
      </object_component>
      <object_component id="oc-4ab">
         <name>.data:PRX00_Cycles</name>
         <load_address>0x2230</load_address>
         <run_address>0x2230</run_address>
         <size>0x2</size>
         <input_file_ref idref="fl-c"/>
      </object_component>
      <object_component id="oc-4ae">
         <name>.data:PRX00_Params</name>
         <load_address>0x2214</load_address>
         <run_address>0x2214</run_address>
         <size>0x4</size>
         <input_file_ref idref="fl-c"/>
      </object_component>
      <object_component id="oc-46c">
         <name>.data:PRX00</name>
         <load_address>0x2196</load_address>
         <run_address>0x2196</run_address>
         <size>0x1e</size>
         <input_file_ref idref="fl-c"/>
      </object_component>
      <object_component id="oc-4b3">
         <name>.data:PRX01_Cycles</name>
         <load_address>0x2234</load_address>
         <run_address>0x2234</run_address>
         <size>0x2</size>
         <input_file_ref idref="fl-c"/>
      </object_component>
      <object_component id="oc-4b6">
         <name>.data:PRX01_Params</name>
         <load_address>0x221c</load_address>
         <run_address>0x221c</run_address>
         <size>0x4</size>
         <input_file_ref idref="fl-c"/>
      </object_component>
      <object_component id="oc-46f">
         <name>.data:PRX01</name>
         <load_address>0x21b4</load_address>
         <run_address>0x21b4</run_address>
         <size>0x1e</size>
         <input_file_ref idref="fl-c"/>
      </object_component>
      <object_component id="oc-41a">
         <name>.data:g_pCaptivateSensorArray</name>
         <load_address>0x2228</load_address>
         <run_address>0x2228</run_address>
         <size>0x4</size>
         <input_file_ref idref="fl-c"/>
      </object_component>
      <object_component id="oc-3d6">
         <name>.data:g_uiApp</name>
         <load_address>0x2202</load_address>
         <run_address>0x2202</run_address>
         <size>0xe</size>
         <input_file_ref idref="fl-c"/>
      </object_component>
      <object_component id="oc-4cf">
         <name>.data</name>
         <load_address>0x2220</load_address>
         <run_address>0x2220</run_address>
         <size>0x4</size>
         <input_file_ref idref="fl-21"/>
      </object_component>
      <object_component id="oc-418">
         <name>.data</name>
         <load_address>0x2224</load_address>
         <run_address>0x2224</run_address>
         <size>0x4</size>
         <input_file_ref idref="fl-27"/>
      </object_component>
      <object_component id="oc-2aa">
         <name>.stack</name>
         <uninitialized>true</uninitialized>
         <run_address>0x2700</run_address>
         <size>0x2</size>
         <input_file_ref idref="fl-4d"/>
      </object_component>
      <object_component id="oc-561">
         <name>.stack</name>
         <uninitialized>true</uninitialized>
         <run_address>0x2700</run_address>
         <size>0x0</size>
      </object_component>
      <object_component id="oc-75">
         <name>.int40</name>
         <load_address>0xffd8</load_address>
         <run_address>0xffd8</run_address>
         <size>0x2</size>
         <input_file_ref idref="fl-5"/>
      </object_component>
      <object_component id="oc-76">
         <name>.int41</name>
         <load_address>0xffda</load_address>
         <run_address>0xffda</run_address>
         <size>0x2</size>
         <input_file_ref idref="fl-5e"/>
      </object_component>
      <object_component id="oc-77">
         <name>.int42</name>
         <load_address>0xffdc</load_address>
         <run_address>0xffdc</run_address>
         <size>0x2</size>
         <input_file_ref idref="fl-5f"/>
      </object_component>
      <object_component id="oc-78">
         <name>.int43</name>
         <load_address>0xffde</load_address>
         <run_address>0xffde</run_address>
         <size>0x2</size>
         <input_file_ref idref="fl-60"/>
      </object_component>
      <object_component id="oc-79">
         <name>.int44</name>
         <load_address>0xffe0</load_address>
         <run_address>0xffe0</run_address>
         <size>0x2</size>
         <input_file_ref idref="fl-61"/>
      </object_component>
      <object_component id="oc-7a">
         <name>.int45</name>
         <load_address>0xffe2</load_address>
         <run_address>0xffe2</run_address>
         <size>0x2</size>
         <input_file_ref idref="fl-62"/>
      </object_component>
      <object_component id="oc-7b">
         <name>.int46</name>
         <load_address>0xffe4</load_address>
         <run_address>0xffe4</run_address>
         <size>0x2</size>
         <input_file_ref idref="fl-9"/>
      </object_component>
      <object_component id="oc-7c">
         <name>.int47</name>
         <load_address>0xffe6</load_address>
         <run_address>0xffe6</run_address>
         <size>0x2</size>
         <input_file_ref idref="fl-63"/>
      </object_component>
      <object_component id="oc-7d">
         <name>.int48</name>
         <load_address>0xffe8</load_address>
         <run_address>0xffe8</run_address>
         <size>0x2</size>
         <input_file_ref idref="fl-64"/>
      </object_component>
      <object_component id="oc-7e">
         <name>.int49</name>
         <load_address>0xffea</load_address>
         <run_address>0xffea</run_address>
         <size>0x2</size>
         <input_file_ref idref="fl-65"/>
      </object_component>
      <object_component id="oc-7f">
         <name>.int50</name>
         <load_address>0xffec</load_address>
         <run_address>0xffec</run_address>
         <size>0x2</size>
         <input_file_ref idref="fl-66"/>
      </object_component>
      <object_component id="oc-80">
         <name>.int51</name>
         <load_address>0xffee</load_address>
         <run_address>0xffee</run_address>
         <size>0x2</size>
         <input_file_ref idref="fl-67"/>
      </object_component>
      <object_component id="oc-81">
         <name>.int52</name>
         <load_address>0xfff0</load_address>
         <run_address>0xfff0</run_address>
         <size>0x2</size>
         <input_file_ref idref="fl-68"/>
      </object_component>
      <object_component id="oc-82">
         <name>.int53</name>
         <load_address>0xfff2</load_address>
         <run_address>0xfff2</run_address>
         <size>0x2</size>
         <input_file_ref idref="fl-69"/>
      </object_component>
      <object_component id="oc-83">
         <name>.int54</name>
         <load_address>0xfff4</load_address>
         <run_address>0xfff4</run_address>
         <size>0x2</size>
         <input_file_ref idref="fl-6a"/>
      </object_component>
      <object_component id="oc-84">
         <name>.int55</name>
         <load_address>0xfff6</load_address>
         <run_address>0xfff6</run_address>
         <size>0x2</size>
         <input_file_ref idref="fl-6b"/>
      </object_component>
      <object_component id="oc-85">
         <name>.int56</name>
         <load_address>0xfff8</load_address>
         <run_address>0xfff8</run_address>
         <size>0x2</size>
         <input_file_ref idref="fl-6c"/>
      </object_component>
      <object_component id="oc-86">
         <name>.int57</name>
         <load_address>0xfffa</load_address>
         <run_address>0xfffa</run_address>
         <size>0x2</size>
         <input_file_ref idref="fl-6d"/>
      </object_component>
      <object_component id="oc-87">
         <name>.int58</name>
         <load_address>0xfffc</load_address>
         <run_address>0xfffc</run_address>
         <size>0x2</size>
         <input_file_ref idref="fl-6e"/>
      </object_component>
      <object_component id="oc-2ad">
         <name>.reset</name>
         <load_address>0xfffe</load_address>
         <run_address>0xfffe</run_address>
         <size>0x2</size>
         <input_file_ref idref="fl-4d"/>
      </object_component>
      <object_component id="oc-401">
         <name>.debug_info</name>
         <load_address>0x0</load_address>
         <run_address>0x0</run_address>
         <size>0x2f2</size>
         <input_file_ref idref="fl-2"/>
      </object_component>
      <object_component id="oc-2ff">
         <name>.debug_info</name>
         <load_address>0x2f2</load_address>
         <run_address>0x2f2</run_address>
         <size>0x1ee</size>
         <input_file_ref idref="fl-2"/>
      </object_component>
      <object_component id="oc-388">
         <name>.debug_info</name>
         <load_address>0x4e0</load_address>
         <run_address>0x4e0</run_address>
         <size>0x11f6</size>
         <input_file_ref idref="fl-2"/>
      </object_component>
      <object_component id="oc-465">
         <name>.debug_info</name>
         <load_address>0x16d6</load_address>
         <run_address>0x16d6</run_address>
         <size>0x110</size>
         <input_file_ref idref="fl-2"/>
      </object_component>
      <object_component id="oc-3d1">
         <name>.debug_info</name>
         <load_address>0x17e6</load_address>
         <run_address>0x17e6</run_address>
         <size>0x76</size>
         <input_file_ref idref="fl-2"/>
      </object_component>
      <object_component id="oc-403">
         <name>.debug_info</name>
         <load_address>0x185c</load_address>
         <run_address>0x185c</run_address>
         <size>0xee</size>
         <input_file_ref idref="fl-2"/>
      </object_component>
      <object_component id="oc-339">
         <name>.debug_info</name>
         <load_address>0x194a</load_address>
         <run_address>0x194a</run_address>
         <size>0x8b</size>
         <input_file_ref idref="fl-2"/>
      </object_component>
      <object_component id="oc-38d">
         <name>.debug_info</name>
         <load_address>0x19d5</load_address>
         <run_address>0x19d5</run_address>
         <size>0x18b</size>
         <input_file_ref idref="fl-2"/>
      </object_component>
      <object_component id="oc-2b4">
         <name>.debug_info</name>
         <load_address>0x1b60</load_address>
         <run_address>0x1b60</run_address>
         <size>0x84</size>
         <input_file_ref idref="fl-3"/>
      </object_component>
      <object_component id="oc-428">
         <name>.debug_info</name>
         <load_address>0x1be4</load_address>
         <run_address>0x1be4</run_address>
         <size>0x41d</size>
         <input_file_ref idref="fl-4"/>
      </object_component>
      <object_component id="oc-3e7">
         <name>.debug_info</name>
         <load_address>0x2001</load_address>
         <run_address>0x2001</run_address>
         <size>0x25c</size>
         <input_file_ref idref="fl-4"/>
      </object_component>
      <object_component id="oc-3da">
         <name>.debug_info</name>
         <load_address>0x225d</load_address>
         <run_address>0x225d</run_address>
         <size>0x1d1</size>
         <input_file_ref idref="fl-4"/>
      </object_component>
      <object_component id="oc-3ed">
         <name>.debug_info</name>
         <load_address>0x242e</load_address>
         <run_address>0x242e</run_address>
         <size>0x1a5</size>
         <input_file_ref idref="fl-4"/>
      </object_component>
      <object_component id="oc-3e0">
         <name>.debug_info</name>
         <load_address>0x25d3</load_address>
         <run_address>0x25d3</run_address>
         <size>0x19e</size>
         <input_file_ref idref="fl-4"/>
      </object_component>
      <object_component id="oc-31c">
         <name>.debug_info</name>
         <load_address>0x2771</load_address>
         <run_address>0x2771</run_address>
         <size>0x2c</size>
         <input_file_ref idref="fl-4"/>
      </object_component>
      <object_component id="oc-32a">
         <name>.debug_info</name>
         <load_address>0x279d</load_address>
         <run_address>0x279d</run_address>
         <size>0x32c</size>
         <input_file_ref idref="fl-5"/>
      </object_component>
      <object_component id="oc-2c7">
         <name>.debug_info</name>
         <load_address>0x2ac9</load_address>
         <run_address>0x2ac9</run_address>
         <size>0x139</size>
         <input_file_ref idref="fl-5"/>
      </object_component>
      <object_component id="oc-402">
         <name>.debug_info</name>
         <load_address>0x2c02</load_address>
         <run_address>0x2c02</run_address>
         <size>0x45f</size>
         <input_file_ref idref="fl-6"/>
      </object_component>
      <object_component id="oc-47a">
         <name>.debug_info</name>
         <load_address>0x3061</load_address>
         <run_address>0x3061</run_address>
         <size>0xef</size>
         <input_file_ref idref="fl-6"/>
      </object_component>
      <object_component id="oc-47d">
         <name>.debug_info</name>
         <load_address>0x3150</load_address>
         <run_address>0x3150</run_address>
         <size>0xef</size>
         <input_file_ref idref="fl-6"/>
      </object_component>
      <object_component id="oc-477">
         <name>.debug_info</name>
         <load_address>0x323f</load_address>
         <run_address>0x323f</run_address>
         <size>0xdf</size>
         <input_file_ref idref="fl-6"/>
      </object_component>
      <object_component id="oc-452">
         <name>.debug_info</name>
         <load_address>0x331e</load_address>
         <run_address>0x331e</run_address>
         <size>0xdf</size>
         <input_file_ref idref="fl-6"/>
      </object_component>
      <object_component id="oc-43e">
         <name>.debug_info</name>
         <load_address>0x33fd</load_address>
         <run_address>0x33fd</run_address>
         <size>0xdb</size>
         <input_file_ref idref="fl-6"/>
      </object_component>
      <object_component id="oc-444">
         <name>.debug_info</name>
         <load_address>0x34d8</load_address>
         <run_address>0x34d8</run_address>
         <size>0xef</size>
         <input_file_ref idref="fl-6"/>
      </object_component>
      <object_component id="oc-441">
         <name>.debug_info</name>
         <load_address>0x35c7</load_address>
         <run_address>0x35c7</run_address>
         <size>0xe1</size>
         <input_file_ref idref="fl-6"/>
      </object_component>
      <object_component id="oc-44d">
         <name>.debug_info</name>
         <load_address>0x36a8</load_address>
         <run_address>0x36a8</run_address>
         <size>0x10b</size>
         <input_file_ref idref="fl-6"/>
      </object_component>
      <object_component id="oc-480">
         <name>.debug_info</name>
         <load_address>0x37b3</load_address>
         <run_address>0x37b3</run_address>
         <size>0xd3</size>
         <input_file_ref idref="fl-6"/>
      </object_component>
      <object_component id="oc-4c4">
         <name>.debug_info</name>
         <load_address>0x3886</load_address>
         <run_address>0x3886</run_address>
         <size>0x182</size>
         <input_file_ref idref="fl-6"/>
      </object_component>
      <object_component id="oc-436">
         <name>.debug_info</name>
         <load_address>0x3a08</load_address>
         <run_address>0x3a08</run_address>
         <size>0x1d5</size>
         <input_file_ref idref="fl-6"/>
      </object_component>
      <object_component id="oc-430">
         <name>.debug_info</name>
         <load_address>0x3bdd</load_address>
         <run_address>0x3bdd</run_address>
         <size>0x1f0</size>
         <input_file_ref idref="fl-6"/>
      </object_component>
      <object_component id="oc-422">
         <name>.debug_info</name>
         <load_address>0x3dcd</load_address>
         <run_address>0x3dcd</run_address>
         <size>0x18a</size>
         <input_file_ref idref="fl-6"/>
      </object_component>
      <object_component id="oc-3fa">
         <name>.debug_info</name>
         <load_address>0x3f57</load_address>
         <run_address>0x3f57</run_address>
         <size>0x16b</size>
         <input_file_ref idref="fl-6"/>
      </object_component>
      <object_component id="oc-447">
         <name>.debug_info</name>
         <load_address>0x40c2</load_address>
         <run_address>0x40c2</run_address>
         <size>0x1e5</size>
         <input_file_ref idref="fl-6"/>
      </object_component>
      <object_component id="oc-3f4">
         <name>.debug_info</name>
         <load_address>0x42a7</load_address>
         <run_address>0x42a7</run_address>
         <size>0x283</size>
         <input_file_ref idref="fl-6"/>
      </object_component>
      <object_component id="oc-460">
         <name>.debug_info</name>
         <load_address>0x452a</load_address>
         <run_address>0x452a</run_address>
         <size>0x1d8</size>
         <input_file_ref idref="fl-6"/>
      </object_component>
      <object_component id="oc-394">
         <name>.debug_info</name>
         <load_address>0x4702</load_address>
         <run_address>0x4702</run_address>
         <size>0xbb</size>
         <input_file_ref idref="fl-6"/>
      </object_component>
      <object_component id="oc-4a5">
         <name>.debug_info</name>
         <load_address>0x47bd</load_address>
         <run_address>0x47bd</run_address>
         <size>0x5e</size>
         <input_file_ref idref="fl-6"/>
      </object_component>
      <object_component id="oc-497">
         <name>.debug_info</name>
         <load_address>0x481b</load_address>
         <run_address>0x481b</run_address>
         <size>0xaf</size>
         <input_file_ref idref="fl-6"/>
      </object_component>
      <object_component id="oc-333">
         <name>.debug_info</name>
         <load_address>0x48ca</load_address>
         <run_address>0x48ca</run_address>
         <size>0x3b8</size>
         <input_file_ref idref="fl-9"/>
      </object_component>
      <object_component id="oc-455">
         <name>.debug_info</name>
         <load_address>0x4c82</load_address>
         <run_address>0x4c82</run_address>
         <size>0x193</size>
         <input_file_ref idref="fl-9"/>
      </object_component>
      <object_component id="oc-483">
         <name>.debug_info</name>
         <load_address>0x4e15</load_address>
         <run_address>0x4e15</run_address>
         <size>0x161</size>
         <input_file_ref idref="fl-9"/>
      </object_component>
      <object_component id="oc-2d2">
         <name>.debug_info</name>
         <load_address>0x4f76</load_address>
         <run_address>0x4f76</run_address>
         <size>0x1a3</size>
         <input_file_ref idref="fl-9"/>
      </object_component>
      <object_component id="oc-36f">
         <name>.debug_info</name>
         <load_address>0x5119</load_address>
         <run_address>0x5119</run_address>
         <size>0x175</size>
         <input_file_ref idref="fl-a"/>
      </object_component>
      <object_component id="oc-37b">
         <name>.debug_info</name>
         <load_address>0x528e</load_address>
         <run_address>0x528e</run_address>
         <size>0x127</size>
         <input_file_ref idref="fl-a"/>
      </object_component>
      <object_component id="oc-375">
         <name>.debug_info</name>
         <load_address>0x53b5</load_address>
         <run_address>0x53b5</run_address>
         <size>0x1e4</size>
         <input_file_ref idref="fl-a"/>
      </object_component>
      <object_component id="oc-417">
         <name>.debug_info</name>
         <load_address>0x5599</load_address>
         <run_address>0x5599</run_address>
         <size>0x42f</size>
         <input_file_ref idref="fl-b"/>
      </object_component>
      <object_component id="oc-3c9">
         <name>.debug_info</name>
         <load_address>0x59c8</load_address>
         <run_address>0x59c8</run_address>
         <size>0xc6</size>
         <input_file_ref idref="fl-b"/>
      </object_component>
      <object_component id="oc-2df">
         <name>.debug_info</name>
         <load_address>0x5a8e</load_address>
         <run_address>0x5a8e</run_address>
         <size>0x12b</size>
         <input_file_ref idref="fl-b"/>
      </object_component>
      <object_component id="oc-369">
         <name>.debug_info</name>
         <load_address>0x5bb9</load_address>
         <run_address>0x5bb9</run_address>
         <size>0x250</size>
         <input_file_ref idref="fl-b"/>
      </object_component>
      <object_component id="oc-474">
         <name>.debug_info</name>
         <load_address>0x5e09</load_address>
         <run_address>0x5e09</run_address>
         <size>0x231</size>
         <input_file_ref idref="fl-c"/>
      </object_component>
      <object_component id="oc-4ec">
         <name>.debug_info</name>
         <load_address>0x603a</load_address>
         <run_address>0x603a</run_address>
         <size>0xd5</size>
         <input_file_ref idref="fl-c"/>
      </object_component>
      <object_component id="oc-4f1">
         <name>.debug_info</name>
         <load_address>0x610f</load_address>
         <run_address>0x610f</run_address>
         <size>0xd5</size>
         <input_file_ref idref="fl-c"/>
      </object_component>
      <object_component id="oc-4e2">
         <name>.debug_info</name>
         <load_address>0x61e4</load_address>
         <run_address>0x61e4</run_address>
         <size>0xe7</size>
         <input_file_ref idref="fl-c"/>
      </object_component>
      <object_component id="oc-4d2">
         <name>.debug_info</name>
         <load_address>0x62cb</load_address>
         <run_address>0x62cb</run_address>
         <size>0xd5</size>
         <input_file_ref idref="fl-c"/>
      </object_component>
      <object_component id="oc-4e7">
         <name>.debug_info</name>
         <load_address>0x63a0</load_address>
         <run_address>0x63a0</run_address>
         <size>0xe7</size>
         <input_file_ref idref="fl-c"/>
      </object_component>
      <object_component id="oc-4d9">
         <name>.debug_info</name>
         <load_address>0x6487</load_address>
         <run_address>0x6487</run_address>
         <size>0xd5</size>
         <input_file_ref idref="fl-c"/>
      </object_component>
      <object_component id="oc-4ac">
         <name>.debug_info</name>
         <load_address>0x655c</load_address>
         <run_address>0x655c</run_address>
         <size>0xdb</size>
         <input_file_ref idref="fl-c"/>
      </object_component>
      <object_component id="oc-4af">
         <name>.debug_info</name>
         <load_address>0x6637</load_address>
         <run_address>0x6637</run_address>
         <size>0xdb</size>
         <input_file_ref idref="fl-c"/>
      </object_component>
      <object_component id="oc-46d">
         <name>.debug_info</name>
         <load_address>0x6712</load_address>
         <run_address>0x6712</run_address>
         <size>0xcd</size>
         <input_file_ref idref="fl-c"/>
      </object_component>
      <object_component id="oc-4b4">
         <name>.debug_info</name>
         <load_address>0x67df</load_address>
         <run_address>0x67df</run_address>
         <size>0xdb</size>
         <input_file_ref idref="fl-c"/>
      </object_component>
      <object_component id="oc-4b7">
         <name>.debug_info</name>
         <load_address>0x68ba</load_address>
         <run_address>0x68ba</run_address>
         <size>0xdb</size>
         <input_file_ref idref="fl-c"/>
      </object_component>
      <object_component id="oc-470">
         <name>.debug_info</name>
         <load_address>0x6995</load_address>
         <run_address>0x6995</run_address>
         <size>0xcd</size>
         <input_file_ref idref="fl-c"/>
      </object_component>
      <object_component id="oc-41b">
         <name>.debug_info</name>
         <load_address>0x6a62</load_address>
         <run_address>0x6a62</run_address>
         <size>0xf2</size>
         <input_file_ref idref="fl-c"/>
      </object_component>
      <object_component id="oc-3d7">
         <name>.debug_info</name>
         <load_address>0x6b54</load_address>
         <run_address>0x6b54</run_address>
         <size>0xd2</size>
         <input_file_ref idref="fl-c"/>
      </object_component>
      <object_component id="oc-2ab">
         <name>.debug_info</name>
         <load_address>0x6c26</load_address>
         <run_address>0x6c26</run_address>
         <size>0xc5</size>
         <input_file_ref idref="fl-4d"/>
      </object_component>
      <object_component id="oc-aa">
         <name>.debug_info</name>
         <load_address>0x6ceb</load_address>
         <run_address>0x6ceb</run_address>
         <size>0x166</size>
         <input_file_ref idref="fl-4e"/>
      </object_component>
      <object_component id="oc-319">
         <name>.debug_info</name>
         <load_address>0x6e51</load_address>
         <run_address>0x6e51</run_address>
         <size>0x13b</size>
         <input_file_ref idref="fl-4f"/>
      </object_component>
      <object_component id="oc-6c">
         <name>.debug_info</name>
         <load_address>0x6f8c</load_address>
         <run_address>0x6f8c</run_address>
         <size>0x215</size>
         <input_file_ref idref="fl-4f"/>
      </object_component>
      <object_component id="oc-2af">
         <name>.debug_info</name>
         <load_address>0x71a1</load_address>
         <run_address>0x71a1</run_address>
         <size>0x60</size>
         <input_file_ref idref="fl-4f"/>
      </object_component>
      <object_component id="oc-314">
         <name>.debug_info</name>
         <load_address>0x7201</load_address>
         <run_address>0x7201</run_address>
         <size>0x46</size>
         <input_file_ref idref="fl-4f"/>
      </object_component>
      <object_component id="oc-2c5">
         <name>.debug_info</name>
         <load_address>0x7247</load_address>
         <run_address>0x7247</run_address>
         <size>0x182</size>
         <input_file_ref idref="fl-50"/>
      </object_component>
      <object_component id="oc-73">
         <name>.debug_info</name>
         <load_address>0x73c9</load_address>
         <run_address>0x73c9</run_address>
         <size>0x1af</size>
         <input_file_ref idref="fl-50"/>
      </object_component>
      <object_component id="oc-2c0">
         <name>.debug_info</name>
         <load_address>0x7578</load_address>
         <run_address>0x7578</run_address>
         <size>0x46</size>
         <input_file_ref idref="fl-50"/>
      </object_component>
      <object_component id="oc-321">
         <name>.debug_info</name>
         <load_address>0x75be</load_address>
         <run_address>0x75be</run_address>
         <size>0x2c</size>
         <input_file_ref idref="fl-50"/>
      </object_component>
      <object_component id="oc-2dd">
         <name>.debug_info</name>
         <load_address>0x75ea</load_address>
         <run_address>0x75ea</run_address>
         <size>0x13a</size>
         <input_file_ref idref="fl-51"/>
      </object_component>
      <object_component id="oc-8b">
         <name>.debug_info</name>
         <load_address>0x7724</load_address>
         <run_address>0x7724</run_address>
         <size>0x185</size>
         <input_file_ref idref="fl-51"/>
      </object_component>
      <object_component id="oc-2d8">
         <name>.debug_info</name>
         <load_address>0x78a9</load_address>
         <run_address>0x78a9</run_address>
         <size>0x46</size>
         <input_file_ref idref="fl-51"/>
      </object_component>
      <object_component id="oc-30a">
         <name>.debug_info</name>
         <load_address>0x78ef</load_address>
         <run_address>0x78ef</run_address>
         <size>0xe7</size>
         <input_file_ref idref="fl-56"/>
      </object_component>
      <object_component id="oc-2cd">
         <name>.debug_info</name>
         <load_address>0x79d6</load_address>
         <run_address>0x79d6</run_address>
         <size>0xd7</size>
         <input_file_ref idref="fl-6f"/>
      </object_component>
      <object_component id="oc-31b">
         <name>.debug_info</name>
         <load_address>0x7aad</load_address>
         <run_address>0x7aad</run_address>
         <size>0x13d</size>
         <input_file_ref idref="fl-76"/>
      </object_component>
      <object_component id="oc-2ba">
         <name>.debug_info</name>
         <load_address>0x7bea</load_address>
         <run_address>0x7bea</run_address>
         <size>0x161</size>
         <input_file_ref idref="fl-76"/>
      </object_component>
      <object_component id="oc-39a">
         <name>.debug_info</name>
         <load_address>0x7d4b</load_address>
         <run_address>0x7d4b</run_address>
         <size>0xed</size>
         <input_file_ref idref="fl-7b"/>
      </object_component>
      <object_component id="oc-353">
         <name>.debug_info</name>
         <load_address>0x7e38</load_address>
         <run_address>0x7e38</run_address>
         <size>0x3a7</size>
         <input_file_ref idref="fl-84"/>
      </object_component>
      <object_component id="oc-2e5">
         <name>.debug_info</name>
         <load_address>0x81df</load_address>
         <run_address>0x81df</run_address>
         <size>0x1cf</size>
         <input_file_ref idref="fl-84"/>
      </object_component>
      <object_component id="oc-3a3">
         <name>.debug_info</name>
         <load_address>0x83ae</load_address>
         <run_address>0x83ae</run_address>
         <size>0x39</size>
         <input_file_ref idref="fl-84"/>
      </object_component>
      <object_component id="oc-34e">
         <name>.debug_info</name>
         <load_address>0x83e7</load_address>
         <run_address>0x83e7</run_address>
         <size>0x2c</size>
         <input_file_ref idref="fl-84"/>
      </object_component>
      <object_component id="oc-3a8">
         <name>.debug_info</name>
         <load_address>0x8413</load_address>
         <run_address>0x8413</run_address>
         <size>0xcd</size>
         <input_file_ref idref="fl-84"/>
      </object_component>
      <object_component id="oc-39f">
         <name>.debug_info</name>
         <load_address>0x84e0</load_address>
         <run_address>0x84e0</run_address>
         <size>0x222</size>
         <input_file_ref idref="fl-85"/>
      </object_component>
      <object_component id="oc-342">
         <name>.debug_info</name>
         <load_address>0x8702</load_address>
         <run_address>0x8702</run_address>
         <size>0x180</size>
         <input_file_ref idref="fl-85"/>
      </object_component>
      <object_component id="oc-40b">
         <name>.debug_info</name>
         <load_address>0x8882</load_address>
         <run_address>0x8882</run_address>
         <size>0x2c</size>
         <input_file_ref idref="fl-85"/>
      </object_component>
      <object_component id="oc-348">
         <name>.debug_info</name>
         <load_address>0x88ae</load_address>
         <run_address>0x88ae</run_address>
         <size>0x115</size>
         <input_file_ref idref="fl-87"/>
      </object_component>
      <object_component id="oc-562">
         <name>.debug_info</name>
         <load_address>0x89c3</load_address>
         <run_address>0x89c3</run_address>
         <size>0x89</size>
      </object_component>
      <object_component id="oc-45d">
         <name>.debug_line</name>
         <load_address>0x0</load_address>
         <run_address>0x0</run_address>
         <size>0x104</size>
         <input_file_ref idref="fl-2"/>
      </object_component>
      <object_component id="oc-302">
         <name>.debug_line</name>
         <load_address>0x104</load_address>
         <run_address>0x104</run_address>
         <size>0x8b</size>
         <input_file_ref idref="fl-2"/>
      </object_component>
      <object_component id="oc-38b">
         <name>.debug_line</name>
         <load_address>0x18f</load_address>
         <run_address>0x18f</run_address>
         <size>0x53</size>
         <input_file_ref idref="fl-2"/>
      </object_component>
      <object_component id="oc-468">
         <name>.debug_line</name>
         <load_address>0x1e2</load_address>
         <run_address>0x1e2</run_address>
         <size>0x68</size>
         <input_file_ref idref="fl-2"/>
      </object_component>
      <object_component id="oc-3d4">
         <name>.debug_line</name>
         <load_address>0x24a</load_address>
         <run_address>0x24a</run_address>
         <size>0x57</size>
         <input_file_ref idref="fl-2"/>
      </object_component>
      <object_component id="oc-406">
         <name>.debug_line</name>
         <load_address>0x2a1</load_address>
         <run_address>0x2a1</run_address>
         <size>0x61</size>
         <input_file_ref idref="fl-2"/>
      </object_component>
      <object_component id="oc-33c">
         <name>.debug_line</name>
         <load_address>0x302</load_address>
         <run_address>0x302</run_address>
         <size>0x20</size>
         <input_file_ref idref="fl-2"/>
      </object_component>
      <object_component id="oc-390">
         <name>.debug_line</name>
         <load_address>0x322</load_address>
         <run_address>0x322</run_address>
         <size>0x68</size>
         <input_file_ref idref="fl-2"/>
      </object_component>
      <object_component id="oc-2b7">
         <name>.debug_line</name>
         <load_address>0x38a</load_address>
         <run_address>0x38a</run_address>
         <size>0x20</size>
         <input_file_ref idref="fl-3"/>
      </object_component>
      <object_component id="oc-48a">
         <name>.debug_line</name>
         <load_address>0x3aa</load_address>
         <run_address>0x3aa</run_address>
         <size>0xbe</size>
         <input_file_ref idref="fl-4"/>
      </object_component>
      <object_component id="oc-3ea">
         <name>.debug_line</name>
         <load_address>0x468</load_address>
         <run_address>0x468</run_address>
         <size>0x74</size>
         <input_file_ref idref="fl-4"/>
      </object_component>
      <object_component id="oc-3dd">
         <name>.debug_line</name>
         <load_address>0x4dc</load_address>
         <run_address>0x4dc</run_address>
         <size>0x6d</size>
         <input_file_ref idref="fl-4"/>
      </object_component>
      <object_component id="oc-3f0">
         <name>.debug_line</name>
         <load_address>0x549</load_address>
         <run_address>0x549</run_address>
         <size>0x64</size>
         <input_file_ref idref="fl-4"/>
      </object_component>
      <object_component id="oc-3e3">
         <name>.debug_line</name>
         <load_address>0x5ad</load_address>
         <run_address>0x5ad</run_address>
         <size>0x64</size>
         <input_file_ref idref="fl-4"/>
      </object_component>
      <object_component id="oc-31f">
         <name>.debug_line</name>
         <load_address>0x611</load_address>
         <run_address>0x611</run_address>
         <size>0x68</size>
         <input_file_ref idref="fl-4"/>
      </object_component>
      <object_component id="oc-387">
         <name>.debug_line</name>
         <load_address>0x679</load_address>
         <run_address>0x679</run_address>
         <size>0xac</size>
         <input_file_ref idref="fl-5"/>
      </object_component>
      <object_component id="oc-2ca">
         <name>.debug_line</name>
         <load_address>0x725</load_address>
         <run_address>0x725</run_address>
         <size>0x6b</size>
         <input_file_ref idref="fl-5"/>
      </object_component>
      <object_component id="oc-45f">
         <name>.debug_line</name>
         <load_address>0x790</load_address>
         <run_address>0x790</run_address>
         <size>0xf5</size>
         <input_file_ref idref="fl-6"/>
      </object_component>
      <object_component id="oc-4c0">
         <name>.debug_line</name>
         <load_address>0x885</load_address>
         <run_address>0x885</run_address>
         <size>0x46</size>
         <input_file_ref idref="fl-6"/>
      </object_component>
      <object_component id="oc-4c2">
         <name>.debug_line</name>
         <load_address>0x8cb</load_address>
         <run_address>0x8cb</run_address>
         <size>0x46</size>
         <input_file_ref idref="fl-6"/>
      </object_component>
      <object_component id="oc-4be">
         <name>.debug_line</name>
         <load_address>0x911</load_address>
         <run_address>0x911</run_address>
         <size>0x46</size>
         <input_file_ref idref="fl-6"/>
      </object_component>
      <object_component id="oc-4a4">
         <name>.debug_line</name>
         <load_address>0x957</load_address>
         <run_address>0x957</run_address>
         <size>0x46</size>
         <input_file_ref idref="fl-6"/>
      </object_component>
      <object_component id="oc-496">
         <name>.debug_line</name>
         <load_address>0x99d</load_address>
         <run_address>0x99d</run_address>
         <size>0x46</size>
         <input_file_ref idref="fl-6"/>
      </object_component>
      <object_component id="oc-49f">
         <name>.debug_line</name>
         <load_address>0x9e3</load_address>
[...]
         <value>0x55f</value>
      </symbol>
      <symbol id="sm-1d4">
         <name>UCB0I2CSA</name>
         <value>0x560</value>
      </symbol>
      <symbol id="sm-1d5">
         <name>UCB0I2CSA_L</name>
         <value>0x560</value>
      </symbol>
      <symbol id="sm-1d6">
         <name>UCB0I2CSA_H</name>
         <value>0x561</value>
      </symbol>
      <symbol id="sm-1d7">
         <name>UCB0IE</name>
         <value>0x56a</value>
      </symbol>
      <symbol id="sm-1d8">
         <name>UCB0IE_L</name>
         <value>0x56a</value>
      </symbol>
      <symbol id="sm-1d9">
         <name>UCB0IE_H</name>
         <value>0x56b</value>
      </symbol>
      <symbol id="sm-1da">
         <name>UCB0IFG</name>
         <value>0x56c</value>
      </symbol>
      <symbol id="sm-1db">
         <name>UCB0IFG_L</name>
         <value>0x56c</value>
      </symbol>
      <symbol id="sm-1dc">
         <name>UCB0IFG_H</name>
         <value>0x56d</value>
      </symbol>
      <symbol id="sm-1dd">
         <name>UCB0IV</name>
         <value>0x56e</value>
      </symbol>
      <symbol id="sm-1de">
         <name>WDTCTL</name>
         <value>0x1cc</value>
      </symbol>
      <symbol id="sm-1df">
         <name>WDTCTL_L</name>
         <value>0x1cc</value>
      </symbol>
      <symbol id="sm-1e0">
         <name>WDTCTL_H</name>
         <value>0x1cd</value>
      </symbol>
      <symbol id="sm-1e1">
         <name>__TI_CINIT_Base</name>
         <value>0xe078</value>
      </symbol>
      <symbol id="sm-1e2">
         <name>__TI_CINIT_Limit</name>
         <value>0xe080</value>
      </symbol>
      <symbol id="sm-1e3">
         <name>__TI_Handler_Table_Base</name>
         <value>0xe06e</value>
      </symbol>
      <symbol id="sm-1e4">
         <name>__TI_Handler_Table_Limit</name>
         <value>0xe074</value>
      </symbol>
      <symbol id="sm-1e5">
         <name>__STACK_SIZE</name>
         <value>0x100</value>
      </symbol>
      <symbol id="sm-1e6">
         <name>__STACK_END</name>
         <value>0x2800</value>
      </symbol>
      <symbol id="sm-1e7">
         <name>__c_args__</name>
         <value>0xffffffff</value>
      </symbol>
      <symbol id="sm-1e8">
         <name>__TI_pprof_out_hndl</name>
         <value>0xffffffff</value>
      </symbol>
      <symbol id="sm-1e9">
         <name>__TI_prof_data_start</name>
         <value>0xffffffff</value>
      </symbol>
      <symbol id="sm-1ea">
         <name>__TI_prof_data_size</name>
         <value>0xffffffff</value>
      </symbol>
      <symbol id="sm-275">
         <name>main</name>
         <value>0xe9ba</value>
         <object_component_ref idref="oc-2fe"/>
      </symbol>
      <symbol id="sm-2ac">
         <name>CAPT_updateUI</name>
         <value>0xef18</value>
         <object_component_ref idref="oc-3e6"/>
      </symbol>
      <symbol id="sm-2ad">
         <name>CAPT_getGlobalUIProximityStatus</name>
         <value>0xf52c</value>
         <object_component_ref idref="oc-3ec"/>
      </symbol>
      <symbol id="sm-2ae">
         <name>CAPT_initUI</name>
         <value>0xf2b8</value>
         <object_component_ref idref="oc-3d9"/>
      </symbol>
      <symbol id="sm-2af">
         <name>CAPT_calibrateUI</name>
         <value>0xf550</value>
         <object_component_ref idref="oc-3df"/>
      </symbol>
      <symbol id="sm-2c2">
         <name>g_bEndOfConversionFlag</name>
         <value>0x2194</value>
      </symbol>
      <symbol id="sm-2c3">
         <name>g_bDetectionFlag</name>
         <value>0x2193</value>
      </symbol>
      <symbol id="sm-2c4">
         <name>g_bConvTimerFlag</name>
         <value>0x2192</value>
      </symbol>
      <symbol id="sm-2c5">
         <name>g_bConvCounterFlag</name>
         <value>0x2191</value>
      </symbol>
      <symbol id="sm-2c6">
         <name>g_bMaxCountErrorFlag</name>
         <value>0x2195</value>
      </symbol>
      <symbol id="sm-2c7">
         <name>__TI_int40</name>
         <value>0xffd8</value>
         <object_component_ref idref="oc-75"/>
      </symbol>
      <symbol id="sm-2c8">
         <name>CAPT_ISR</name>
         <value>0xf33c</value>
         <object_component_ref idref="oc-2c6"/>
      </symbol>
      <symbol id="sm-36e">
         <name>CAPT_checkForInboundPacket</name>
         <value>0xec94</value>
         <object_component_ref idref="oc-3f3"/>
      </symbol>
      <symbol id="sm-36f">
         <name>CAPT_writeSensorData</name>
         <value>0xf13e</value>
         <object_component_ref idref="oc-435"/>
      </symbol>
      <symbol id="sm-370">
         <name>CAPT_initCommInterface</name>
         <value>0xf1de</value>
         <object_component_ref idref="oc-421"/>
      </symbol>
      <symbol id="sm-371">
         <name>CAPT_writeElementData</name>
         <value>0xedc2</value>
         <object_component_ref idref="oc-42f"/>
      </symbol>
      <symbol id="sm-372">
         <name>CAPT_checkForRecalibrationRequest</name>
         <value>0xf65c</value>
         <object_component_ref idref="oc-3f9"/>
      </symbol>
      <symbol id="sm-398">
         <name>g_pUARTPort</name>
         <value>0x218a</value>
      </symbol>
      <symbol id="sm-399">
         <name>g_pUARTTransmitPtr</name>
         <value>0x218c</value>
      </symbol>
      <symbol id="sm-39a">
         <name>g_ui16UARTTransmitBytesLeft</name>
         <value>0x218e</value>
      </symbol>
      <symbol id="sm-39b">
         <name>g_UARTStatus</name>
         <value>0x2190</value>
      </symbol>
      <symbol id="sm-39c">
         <name>UART_openPort</name>
         <value>0xef7c</value>
         <object_component_ref idref="oc-482"/>
      </symbol>
      <symbol id="sm-39d">
         <name>__TI_int46</name>
         <value>0xffe4</value>
         <object_component_ref idref="oc-7b"/>
      </symbol>
      <symbol id="sm-39e">
         <name>UART_ISR</name>
         <value>0xea76</value>
         <object_component_ref idref="oc-2d1"/>
      </symbol>
      <symbol id="sm-39f">
         <name>UART_transmitBuffer</name>
         <value>0xf2fa</value>
         <object_component_ref idref="oc-454"/>
      </symbol>
      <symbol id="sm-3bb">
         <name>CAPT_appHandler</name>
         <value>0xf37c</value>
         <object_component_ref idref="oc-374"/>
      </symbol>
      <symbol id="sm-3bc">
         <name>CAPT_appStart</name>
         <value>0xf436</value>
         <object_component_ref idref="oc-36e"/>
      </symbol>
      <symbol id="sm-3bd">
         <name>CAPT_appSleep</name>
         <value>0xf4a6</value>
         <object_component_ref idref="oc-37a"/>
      </symbol>
      <symbol id="sm-3d8">
         <name>BSP_configureMCU</name>
         <value>0xeb2c</value>
         <object_component_ref idref="oc-368"/>
      </symbol>
      <symbol id="sm-3d9">
         <name>_system_pre_init</name>
         <value>0xf6b8</value>
         <object_component_ref idref="oc-2de"/>
      </symbol>
      <symbol id="sm-425">
         <name>PRX00_E00_RawCnts</name>
         <value>0x2186</value>
      </symbol>
      <symbol id="sm-426">
         <name>PRX00_E00_Tuning</name>
         <value>0x217c</value>
      </symbol>
      <symbol id="sm-427">
         <name>PRX01_E00_RawCnts</name>
         <value>0x2188</value>
      </symbol>
      <symbol id="sm-428">
         <name>PRX01_E00_Tuning</name>
         <value>0x2180</value>
      </symbol>
      <symbol id="sm-429">
         <name>PRX01_C00</name>
         <value>0x2218</value>
         <object_component_ref idref="oc-4d8"/>
      </symbol>
      <symbol id="sm-42a">
         <name>PRX00_Cycles</name>
         <value>0x2230</value>
         <object_component_ref idref="oc-4ab"/>
      </symbol>
      <symbol id="sm-42b">
         <name>PRX00_C00</name>
         <value>0x2210</value>
         <object_component_ref idref="oc-4d1"/>
      </symbol>
      <symbol id="sm-42c">
         <name>PRX01_Params</name>
         <value>0x221c</value>
         <object_component_ref idref="oc-4b6"/>
      </symbol>
      <symbol id="sm-42d">
         <name>PRX00</name>
         <value>0x2196</value>
         <object_component_ref idref="oc-46c"/>
      </symbol>
      <symbol id="sm-42e">
         <name>PRX01</name>
         <value>0x21b4</value>
         <object_component_ref idref="oc-46f"/>
      </symbol>
      <symbol id="sm-42f">
         <name>PRX00_C00_Elements</name>
         <value>0x222e</value>
         <object_component_ref idref="oc-4e1"/>
      </symbol>
      <symbol id="sm-430">
         <name>g_pCaptivateSensorArray</name>
         <value>0x2228</value>
         <object_component_ref idref="oc-41a"/>
      </symbol>
      <symbol id="sm-431">
         <name>g_uiApp</name>
         <value>0x2202</value>
         <object_component_ref idref="oc-3d6"/>
      </symbol>
      <symbol id="sm-432">
         <name>PRX01_E00</name>
         <value>0x21ea</value>
         <object_component_ref idref="oc-4f0"/>
      </symbol>
      <symbol id="sm-433">
         <name>PRX01_C00_Elements</name>
         <value>0x2232</value>
         <object_component_ref idref="oc-4e6"/>
      </symbol>
      <symbol id="sm-434">
         <name>PRX00_E00</name>
         <value>0x21d2</value>
         <object_component_ref idref="oc-4eb"/>
      </symbol>
      <symbol id="sm-435">
         <name>PRX01_Cycles</name>
         <value>0x2234</value>
         <object_component_ref idref="oc-4b3"/>
      </symbol>
      <symbol id="sm-436">
         <name>PRX00_Params</name>
         <value>0x2214</value>
         <object_component_ref idref="oc-4ae"/>
      </symbol>
      <symbol id="sm-43b">
         <name>CAPT_getInterruptVector</name>
         <value>0xf6d0</value>
         <object_component_ref idref="oc-328"/>
      </symbol>
      <symbol id="sm-43c">
         <name>CAPT_init</name>
         <value>0xf5e8</value>
         <object_component_ref idref="oc-41f"/>
      </symbol>
      <symbol id="sm-43d">
         <name>CAPT_clearIFG</name>
         <value>0xf6ca</value>
         <object_component_ref idref="oc-492"/>
      </symbol>
      <symbol id="sm-44d">
         <name>CAPT_getChecksum</name>
         <value>0xf5cc</value>
         <object_component_ref idref="oc-450"/>
      </symbol>
      <symbol id="sm-44e">
         <name>CAPT_accessSpecialSensorParameter</name>
         <value>0xe6ae</value>
         <object_component_ref idref="oc-44f"/>
      </symbol>
      <symbol id="sm-4ae">
         <name>CAPT_updateSensorTimeout</name>
         <value>0xf470</value>
         <object_component_ref idref="oc-4ce"/>
      </symbol>
      <symbol id="sm-4af">
         <name>CAPT_updateSensor</name>
         <value>0xe7ba</value>
         <object_component_ref idref="oc-42b"/>
      </symbol>
      <symbol id="sm-4b0">
         <name>CAPT_calibrateOffset</name>
         <value>0xe262</value>
         <object_component_ref idref="oc-48c"/>
      </symbol>
      <symbol id="sm-4b1">
         <name>CAPT_processSensor</name>
         <value>0xf092</value>
         <object_component_ref idref="oc-48e"/>
      </symbol>
      <symbol id="sm-4b2">
         <name>CAPT_calibrateGain</name>
         <value>0xe09a</value>
         <object_component_ref idref="oc-48b"/>
      </symbol>
      <symbol id="sm-4b3">
         <name>CAPT_calibrateSensor</name>
         <value>0xf590</value>
         <object_component_ref idref="oc-429"/>
      </symbol>
      <symbol id="sm-4b4">
         <name>CAPT_flagAllElementsForReseed</name>
         <value>0xf228</value>
         <object_component_ref idref="oc-4e0"/>
      </symbol>
      <symbol id="sm-4b5">
         <name>CAPT_blockOnFlag</name>
         <value>0xf506</value>
         <object_component_ref idref="oc-48f"/>
      </symbol>
      <symbol id="sm-4b6">
         <name>CAPT_startConversionAndWaitUntilDone</name>
         <value>0xf4d8</value>
         <object_component_ref idref="oc-4cc"/>
      </symbol>
      <symbol id="sm-4b7">
         <name>pvProcessTrackPadGesture</name>
         <value>0x2222</value>
         <object_component_ref idref="oc-4cf"/>
      </symbol>
      <symbol id="sm-4b8">
         <name>CAPT_unloadCycle</name>
         <value>0xf3ba</value>
         <object_component_ref idref="oc-490"/>
      </symbol>
      <symbol id="sm-4b9">
         <name>CAPT_testForRecalibration</name>
         <value>0xee3a</value>
         <object_component_ref idref="oc-42e"/>
      </symbol>
      <symbol id="sm-4ba">
         <name>CAPT_initSensor</name>
         <value>0xf6a0</value>
         <object_component_ref idref="oc-420"/>
      </symbol>
      <symbol id="sm-4bb">
         <name>CAPT_preProcessSlider</name>
         <value>0xf190</value>
         <object_component_ref idref="oc-4d0"/>
      </symbol>
      <symbol id="sm-4bc">
         <name>CAPT_loadCycle</name>
         <value>0xf270</value>
         <object_component_ref idref="oc-491"/>
      </symbol>
      <symbol id="sm-4bd">
         <name>CAPT_updateSensorNoise</name>
         <value>0xf0e8</value>
         <object_component_ref idref="oc-4cd"/>
      </symbol>
      <symbol id="sm-4be">
         <name>CAPT_processFSMCycle</name>
         <value>0xefde</value>
         <object_component_ref idref="oc-48d"/>
      </symbol>
      <symbol id="sm-4bf">
         <name>CAPT_testForNegativeTouchRecalibration</name>
         <value>0xf61c</value>
         <object_component_ref idref="oc-42d"/>
      </symbol>
      <symbol id="sm-4c0">
         <name>CAPT_testForMaxCountRecalibration</name>
         <value>0xf570</value>
         <object_component_ref idref="oc-42c"/>
      </symbol>
      <symbol id="sm-4c1">
         <name>pvProcessTrackPadSensor</name>
         <value>0x2220</value>
         <object_component_ref idref="oc-4cf"/>
      </symbol>
      <symbol id="sm-50a">
         <name>CS_clearAllOscFlagsWithTimeout</name>
         <value>0xf5ae</value>
         <object_component_ref idref="oc-3cf"/>
      </symbol>
      <symbol id="sm-50b">
         <name>CS_setExternalClockSource</name>
         <value>0xf6ae</value>
         <object_component_ref idref="oc-3cb"/>
      </symbol>
      <symbol id="sm-50c">
         <name>CS_turnOnXT1LFWithTimeout</name>
         <value>0xf3f8</value>
         <object_component_ref idref="oc-3cc"/>
      </symbol>
      <symbol id="sm-50d">
         <name>CS_initFLLCalculateTrim</name>
         <value>0xe8c2</value>
         <object_component_ref idref="oc-3ce"/>
      </symbol>
      <symbol id="sm-50e">
         <name>CS_initClockSignal</name>
         <value>0xebe0</value>
         <object_component_ref idref="oc-3cd"/>
      </symbol>
      <symbol id="sm-517">
         <name>_stack</name>
         <value>0x2700</value>
         <object_component_ref idref="oc-2aa"/>
      </symbol>
      <symbol id="sm-518">
         <name>_reset_vector</name>
         <value>0xfffe</value>
         <object_component_ref idref="oc-2ad"/>
      </symbol>
      <symbol id="sm-522">
         <name>_c_int00_noargs_noexit</name>
         <value>0xf602</value>
         <object_component_ref idref="oc-a6"/>
      </symbol>
      <symbol id="sm-540">
         <name>__TI_decompress_lzss</name>
         <value>0xeeaa</value>
         <object_component_ref idref="oc-69"/>
      </symbol>
      <symbol id="sm-556">
         <name>__TI_decompress_none</name>
         <value>0xf66e</value>
         <object_component_ref idref="oc-6f"/>
      </symbol>
      <symbol id="sm-569">
         <name>__TI_zero_init</name>
         <value>0xf634</value>
         <object_component_ref idref="oc-88"/>
      </symbol>
      <symbol id="sm-577">
         <name>C$$EXIT</name>
         <value>0xf6d6</value>
         <object_component_ref idref="oc-306"/>
      </symbol>
      <symbol id="sm-578">
         <name>abort</name>
         <value>0xf6d6</value>
         <object_component_ref idref="oc-306"/>
      </symbol>
      <symbol id="sm-582">
         <name>__TI_int41</name>
         <value>0xffda</value>
         <object_component_ref idref="oc-76"/>
      </symbol>
      <symbol id="sm-585">
         <name>__TI_int42</name>
         <value>0xffdc</value>
         <object_component_ref idref="oc-77"/>
      </symbol>
      <symbol id="sm-588">
         <name>__TI_int43</name>
         <value>0xffde</value>
         <object_component_ref idref="oc-78"/>
      </symbol>
      <symbol id="sm-58b">
         <name>__TI_int44</name>
         <value>0xffe0</value>
         <object_component_ref idref="oc-79"/>
      </symbol>
      <symbol id="sm-58e">
         <name>__TI_int45</name>
         <value>0xffe2</value>
         <object_component_ref idref="oc-7a"/>
      </symbol>
      <symbol id="sm-591">
         <name>__TI_int47</name>
         <value>0xffe6</value>
         <object_component_ref idref="oc-7c"/>
      </symbol>
      <symbol id="sm-594">
         <name>__TI_int48</name>
         <value>0xffe8</value>
         <object_component_ref idref="oc-7d"/>
      </symbol>
      <symbol id="sm-597">
         <name>__TI_int49</name>
         <value>0xffea</value>
         <object_component_ref idref="oc-7e"/>
      </symbol>
      <symbol id="sm-59a">
         <name>__TI_int50</name>
         <value>0xffec</value>
         <object_component_ref idref="oc-7f"/>
      </symbol>
      <symbol id="sm-59d">
         <name>__TI_int51</name>
         <value>0xffee</value>
         <object_component_ref idref="oc-80"/>
      </symbol>
      <symbol id="sm-5a0">
         <name>__TI_int52</name>
         <value>0xfff0</value>
         <object_component_ref idref="oc-81"/>
      </symbol>
      <symbol id="sm-5a3">
         <name>__TI_int53</name>
         <value>0xfff2</value>
         <object_component_ref idref="oc-82"/>
      </symbol>
      <symbol id="sm-5a6">
         <name>__TI_int54</name>
         <value>0xfff4</value>
         <object_component_ref idref="oc-83"/>
      </symbol>
      <symbol id="sm-5a9">
         <name>__TI_int55</name>
         <value>0xfff6</value>
         <object_component_ref idref="oc-84"/>
      </symbol>
      <symbol id="sm-5ac">
         <name>__TI_int56</name>
         <value>0xfff8</value>
         <object_component_ref idref="oc-85"/>
      </symbol>
      <symbol id="sm-5af">
         <name>__TI_int57</name>
         <value>0xfffa</value>
         <object_component_ref idref="oc-86"/>
      </symbol>
      <symbol id="sm-5b2">
         <name>__TI_int58</name>
         <value>0xfffc</value>
         <object_component_ref idref="oc-87"/>
      </symbol>
      <symbol id="sm-5ba">
         <name>__TI_ISR_TRAP</name>
         <value>0xf6c2</value>
         <object_component_ref idref="oc-2cc"/>
      </symbol>
      <symbol id="sm-5ce">
         <name>memcpy</name>
         <value>0xf680</value>
         <object_component_ref idref="oc-2b9"/>
      </symbol>
      <symbol id="sm-5da">
         <name>__mspabi_mpyi_f5hw</name>
         <value>0xf648</value>
         <object_component_ref idref="oc-399"/>
      </symbol>
      <symbol id="sm-603">
         <name>_auto_init_hold_wdt</name>
         <value>0xed44</value>
         <object_component_ref idref="oc-2e4"/>
      </symbol>
      <symbol id="sm-619">
         <name>copy_in</name>
         <value>0xf03a</value>
         <object_component_ref idref="oc-341"/>
      </symbol>
      <symbol id="sm-623">
         <name>_system_post_cinit</name>
         <value>0xf6dc</value>
         <object_component_ref idref="oc-347"/>
      </symbol>
      <symbol id="sm-627">
         <name>__TI_BINIT_Base</name>
         <value>0x0</value>
      </symbol>
      <symbol id="sm-628">
         <name>__TI_BINIT_Limit</name>
         <value>0x0</value>
      </symbol>
      <symbol id="sm-629">
         <name>__TI_INITARRAY_Base</name>
         <value>0x0</value>
      </symbol>
      <symbol id="sm-62a">
         <name>__TI_INITARRAY_Limit</name>
         <value>0x0</value>
      </symbol>
   </symbol_table>
   <title>Link successful</title>
</link_info>
